core_cm0plus.h:741:22:__NVIC_EnableIRQ	16	static
core_cm0plus.h:848:22:__NVIC_SetPriority	24	static
stm32g0xx_ll_bus.h:222:22:LL_AHB1_GRP1_EnableClock	24	static
stm32g0xx_ll_bus.h:1000:22:LL_IOP_GRP1_EnableClock	24	static
stm32g0xx_ll_dma.h:455:22:LL_DMA_EnableChannel	24	static
stm32g0xx_ll_dma.h:475:22:LL_DMA_DisableChannel	24	static
stm32g0xx_ll_dma.h:558:22:LL_DMA_SetDataTransferDirection	32	static
stm32g0xx_ll_dma.h:609:22:LL_DMA_SetMode	32	static
stm32g0xx_ll_dma.h:656:22:LL_DMA_SetPeriphIncMode	32	static
stm32g0xx_ll_dma.h:703:22:LL_DMA_SetMemoryIncMode	32	static
stm32g0xx_ll_dma.h:751:22:LL_DMA_SetPeriphSize	32	static
stm32g0xx_ll_dma.h:800:22:LL_DMA_SetMemorySize	32	static
stm32g0xx_ll_dma.h:850:22:LL_DMA_SetChannelPriorityLevel	32	static
stm32g0xx_ll_dma.h:899:22:LL_DMA_SetDataLength	32	static
stm32g0xx_ll_dma.h:987:22:LL_DMA_SetMemoryAddress	32	static
stm32g0xx_ll_dma.h:1010:22:LL_DMA_SetPeriphAddress	32	static
stm32g0xx_ll_dma.h:1224:22:LL_DMA_SetPeriphRequest	24	static
stm32g0xx_ll_dma.h:1712:22:LL_DMA_ClearFlag_TC1	16	static
stm32g0xx_ll_dma.h:1958:22:LL_DMA_EnableIT_TC	24	static
stm32g0xx_ll_gpio.h:853:22:LL_GPIO_SetOutputPin	16	static
stm32g0xx_ll_gpio.h:882:22:LL_GPIO_ResetOutputPin	16	static
stm32g0xx_ll_spi.h:1357:22:LL_SPI_TransmitData8	24	static
oled.c:8:6:OLED_SignalMode	16	static
oled.c:18:6:OLED_CS	16	static
oled.c:27:6:OLED_RESET	8	static
oled.c:36:6:OLED_Init	16	static
oled.c:86:6:OLED_PointerReset	8	static
oled.c:95:9:OLED_SCANALL	8	static
oled.c:110:6:DMA1_Channel1_IRQHandler	8	static
oled.c:118:6:OLED_DMA_Init	8	static
oled.c:151:6:OLED_GPIO_Init	32	static
