core_cm0plus.h:741:22:__NVIC_EnableIRQ	16	static
core_cm0plus.h:848:22:__NVIC_SetPriority	24	static
stm32g0xx_ll_bus.h:222:22:LL_AHB1_GRP1_EnableClock	24	static
stm32g0xx_ll_bus.h:788:22:LL_APB2_GRP1_EnableClock	24	static
stm32g0xx_ll_bus.h:1000:22:LL_IOP_GRP1_EnableClock	24	static
stm32g0xx_ll_dma.h:455:22:LL_DMA_EnableChannel	24	static
stm32g0xx_ll_dma.h:558:22:LL_DMA_SetDataTransferDirection	32	static
stm32g0xx_ll_dma.h:609:22:LL_DMA_SetMode	32	static
stm32g0xx_ll_dma.h:656:22:LL_DMA_SetPeriphIncMode	32	static
stm32g0xx_ll_dma.h:703:22:LL_DMA_SetMemoryIncMode	32	static
stm32g0xx_ll_dma.h:751:22:LL_DMA_SetPeriphSize	32	static
stm32g0xx_ll_dma.h:800:22:LL_DMA_SetMemorySize	32	static
stm32g0xx_ll_dma.h:850:22:LL_DMA_SetChannelPriorityLevel	32	static
stm32g0xx_ll_dma.h:899:22:LL_DMA_SetDataLength	32	static
stm32g0xx_ll_dma.h:987:22:LL_DMA_SetMemoryAddress	32	static
stm32g0xx_ll_dma.h:1010:22:LL_DMA_SetPeriphAddress	32	static
stm32g0xx_ll_dma.h:1224:22:LL_DMA_SetPeriphRequest	24	static
stm32g0xx_ll_dma.h:1723:22:LL_DMA_ClearFlag_TC2	16	static
stm32g0xx_ll_dma.h:1958:22:LL_DMA_EnableIT_TC	24	static
stm32g0xx_ll_usart.h:616:22:LL_USART_Enable	16	static
stm32g0xx_ll_usart.h:2650:22:LL_USART_ConfigAsyncMode	16	static
stm32g0xx_ll_usart.h:4094:22:LL_USART_EnableDMAReq_RX	16	static
stm32g0xx_ll_usart.h:4252:22:LL_USART_TransmitData8	16	static
uart.c:3:6:UART1_Init	72	static
uart.c:43:6:UART1_DMA_TXRX_Init	8	static
uart.c:76:6:UART1_DMA_ReadStart	8	static
uart.c:82:6:DMA1_Channel2_3_IRQHandler	8	static
