Archive member included to satisfy reference by file (symbol)

c:/st/stm32cubeide_1.3.0/stm32cubeide/plugins/com.st.stm32cube.ide.mcu.externaltools.gnu-tools-for-stm32.7-2018-q2-update.win32_1.0.0.201904181610/tools/bin/../lib/gcc/arm-none-eabi/7.3.1/../../../../arm-none-eabi/lib/thumb/v6-m\libc_nano.a(lib_a-errno.o)
                              Core/Src/syscalls.o (__errno)
c:/st/stm32cubeide_1.3.0/stm32cubeide/plugins/com.st.stm32cube.ide.mcu.externaltools.gnu-tools-for-stm32.7-2018-q2-update.win32_1.0.0.201904181610/tools/bin/../lib/gcc/arm-none-eabi/7.3.1/../../../../arm-none-eabi/lib/thumb/v6-m\libc_nano.a(lib_a-exit.o)
                              c:/st/stm32cubeide_1.3.0/stm32cubeide/plugins/com.st.stm32cube.ide.mcu.externaltools.gnu-tools-for-stm32.7-2018-q2-update.win32_1.0.0.201904181610/tools/bin/../lib/gcc/arm-none-eabi/7.3.1/../../../../arm-none-eabi/lib/thumb/v6-m/crt0.o (exit)
c:/st/stm32cubeide_1.3.0/stm32cubeide/plugins/com.st.stm32cube.ide.mcu.externaltools.gnu-tools-for-stm32.7-2018-q2-update.win32_1.0.0.201904181610/tools/bin/../lib/gcc/arm-none-eabi/7.3.1/../../../../arm-none-eabi/lib/thumb/v6-m\libc_nano.a(lib_a-impure.o)
                              c:/st/stm32cubeide_1.3.0/stm32cubeide/plugins/com.st.stm32cube.ide.mcu.externaltools.gnu-tools-for-stm32.7-2018-q2-update.win32_1.0.0.201904181610/tools/bin/../lib/gcc/arm-none-eabi/7.3.1/../../../../arm-none-eabi/lib/thumb/v6-m\libc_nano.a(lib_a-exit.o) (_global_impure_ptr)
c:/st/stm32cubeide_1.3.0/stm32cubeide/plugins/com.st.stm32cube.ide.mcu.externaltools.gnu-tools-for-stm32.7-2018-q2-update.win32_1.0.0.201904181610/tools/bin/../lib/gcc/arm-none-eabi/7.3.1/../../../../arm-none-eabi/lib/thumb/v6-m\libc_nano.a(lib_a-init.o)
                              c:/st/stm32cubeide_1.3.0/stm32cubeide/plugins/com.st.stm32cube.ide.mcu.externaltools.gnu-tools-for-stm32.7-2018-q2-update.win32_1.0.0.201904181610/tools/bin/../lib/gcc/arm-none-eabi/7.3.1/../../../../arm-none-eabi/lib/thumb/v6-m/crt0.o (__libc_init_array)
c:/st/stm32cubeide_1.3.0/stm32cubeide/plugins/com.st.stm32cube.ide.mcu.externaltools.gnu-tools-for-stm32.7-2018-q2-update.win32_1.0.0.201904181610/tools/bin/../lib/gcc/arm-none-eabi/7.3.1/../../../../arm-none-eabi/lib/thumb/v6-m\libc_nano.a(lib_a-memset.o)
                              c:/st/stm32cubeide_1.3.0/stm32cubeide/plugins/com.st.stm32cube.ide.mcu.externaltools.gnu-tools-for-stm32.7-2018-q2-update.win32_1.0.0.201904181610/tools/bin/../lib/gcc/arm-none-eabi/7.3.1/../../../../arm-none-eabi/lib/thumb/v6-m/crt0.o (memset)
c:/st/stm32cubeide_1.3.0/stm32cubeide/plugins/com.st.stm32cube.ide.mcu.externaltools.gnu-tools-for-stm32.7-2018-q2-update.win32_1.0.0.201904181610/tools/bin/../lib/gcc/arm-none-eabi/7.3.1/thumb/v6-m\libgcc.a(_udivsi3.o)
                              Core/Src/system_stm32g0xx.o (__aeabi_uidiv)
c:/st/stm32cubeide_1.3.0/stm32cubeide/plugins/com.st.stm32cube.ide.mcu.externaltools.gnu-tools-for-stm32.7-2018-q2-update.win32_1.0.0.201904181610/tools/bin/../lib/gcc/arm-none-eabi/7.3.1/thumb/v6-m\libgcc.a(_divsi3.o)
                              Drivers/STM32G0xx_HAL_Driver/Src/stm32g0xx_hal_uart_ex.o (__aeabi_idiv)
c:/st/stm32cubeide_1.3.0/stm32cubeide/plugins/com.st.stm32cube.ide.mcu.externaltools.gnu-tools-for-stm32.7-2018-q2-update.win32_1.0.0.201904181610/tools/bin/../lib/gcc/arm-none-eabi/7.3.1/thumb/v6-m\libgcc.a(_dvmd_tls.o)
                              c:/st/stm32cubeide_1.3.0/stm32cubeide/plugins/com.st.stm32cube.ide.mcu.externaltools.gnu-tools-for-stm32.7-2018-q2-update.win32_1.0.0.201904181610/tools/bin/../lib/gcc/arm-none-eabi/7.3.1/thumb/v6-m\libgcc.a(_udivsi3.o) (__aeabi_idiv0)

Allocating common symbols
Common symbol       size              file

uwTick              0x4               Drivers/STM32G0xx_HAL_Driver/Src/stm32g0xx_hal.o
hdma_usart1_tx      0x5c              Core/Src/main.o
huart1              0x8c              Core/Src/main.o

Discarded input sections

 .text          0x0000000000000000        0x0 c:/st/stm32cubeide_1.3.0/stm32cubeide/plugins/com.st.stm32cube.ide.mcu.externaltools.gnu-tools-for-stm32.7-2018-q2-update.win32_1.0.0.201904181610/tools/bin/../lib/gcc/arm-none-eabi/7.3.1/thumb/v6-m/crti.o
 .data          0x0000000000000000        0x0 c:/st/stm32cubeide_1.3.0/stm32cubeide/plugins/com.st.stm32cube.ide.mcu.externaltools.gnu-tools-for-stm32.7-2018-q2-update.win32_1.0.0.201904181610/tools/bin/../lib/gcc/arm-none-eabi/7.3.1/thumb/v6-m/crti.o
 .bss           0x0000000000000000        0x0 c:/st/stm32cubeide_1.3.0/stm32cubeide/plugins/com.st.stm32cube.ide.mcu.externaltools.gnu-tools-for-stm32.7-2018-q2-update.win32_1.0.0.201904181610/tools/bin/../lib/gcc/arm-none-eabi/7.3.1/thumb/v6-m/crti.o
 .data          0x0000000000000000        0x4 c:/st/stm32cubeide_1.3.0/stm32cubeide/plugins/com.st.stm32cube.ide.mcu.externaltools.gnu-tools-for-stm32.7-2018-q2-update.win32_1.0.0.201904181610/tools/bin/../lib/gcc/arm-none-eabi/7.3.1/thumb/v6-m/crtbegin.o
[...]
Memory Configuration

Name             Origin             Length             Attributes
RAM              0x0000000020000000 0x0000000000002000 xrw
FLASH            0x0000000008000000 0x0000000000010000 xr
*default*        0x0000000000000000 0xffffffffffffffff

Linker script and memory map

LOAD c:/st/stm32cubeide_1.3.0/stm32cubeide/plugins/com.st.stm32cube.ide.mcu.externaltools.gnu-tools-for-stm32.7-2018-q2-update.win32_1.0.0.201904181610/tools/bin/../lib/gcc/arm-none-eabi/7.3.1/thumb/v6-m/crti.o
LOAD c:/st/stm32cubeide_1.3.0/stm32cubeide/plugins/com.st.stm32cube.ide.mcu.externaltools.gnu-tools-for-stm32.7-2018-q2-update.win32_1.0.0.201904181610/tools/bin/../lib/gcc/arm-none-eabi/7.3.1/thumb/v6-m/crtbegin.o
LOAD c:/st/stm32cubeide_1.3.0/stm32cubeide/plugins/com.st.stm32cube.ide.mcu.externaltools.gnu-tools-for-stm32.7-2018-q2-update.win32_1.0.0.201904181610/tools/bin/../lib/gcc/arm-none-eabi/7.3.1/../../../../arm-none-eabi/lib/thumb/v6-m/crt0.o
LOAD Core/Src/main.o
LOAD Core/Src/stm32g0xx_hal_msp.o
LOAD Core/Src/stm32g0xx_it.o
LOAD Core/Src/syscalls.o
LOAD Core/Src/sysmem.o
LOAD Core/Src/system_stm32g0xx.o
LOAD Core/Startup/startup_stm32g030c8tx.o
LOAD Drivers/STM32G0xx_HAL_Driver/Src/stm32g0xx_hal.o
LOAD Drivers/STM32G0xx_HAL_Driver/Src/stm32g0xx_hal_cortex.o
LOAD Drivers/STM32G0xx_HAL_Driver/Src/stm32g0xx_hal_dma.o
LOAD Drivers/STM32G0xx_HAL_Driver/Src/stm32g0xx_hal_dma_ex.o
LOAD Drivers/STM32G0xx_HAL_Driver/Src/stm32g0xx_hal_exti.o
LOAD Drivers/STM32G0xx_HAL_Driver/Src/stm32g0xx_hal_flash.o
LOAD Drivers/STM32G0xx_HAL_Driver/Src/stm32g0xx_hal_flash_ex.o
LOAD Drivers/STM32G0xx_HAL_Driver/Src/stm32g0xx_hal_gpio.o
LOAD Drivers/STM32G0xx_HAL_Driver/Src/stm32g0xx_hal_pwr.o
LOAD Drivers/STM32G0xx_HAL_Driver/Src/stm32g0xx_hal_pwr_ex.o
LOAD Drivers/STM32G0xx_HAL_Driver/Src/stm32g0xx_hal_rcc.o
LOAD Drivers/STM32G0xx_HAL_Driver/Src/stm32g0xx_hal_rcc_ex.o
LOAD Drivers/STM32G0xx_HAL_Driver/Src/stm32g0xx_hal_tim.o
LOAD Drivers/STM32G0xx_HAL_Driver/Src/stm32g0xx_hal_tim_ex.o
LOAD Drivers/STM32G0xx_HAL_Driver/Src/stm32g0xx_hal_uart.o
LOAD Drivers/STM32G0xx_HAL_Driver/Src/stm32g0xx_hal_uart_ex.o
LOAD Drivers/STM32G0xx_HAL_Driver/Src/stm32g0xx_ll_dma.o
LOAD Drivers/STM32G0xx_HAL_Driver/Src/stm32g0xx_ll_exti.o
LOAD Drivers/STM32G0xx_HAL_Driver/Src/stm32g0xx_ll_gpio.o
LOAD Drivers/STM32G0xx_HAL_Driver/Src/stm32g0xx_ll_i2c.o
LOAD Drivers/STM32G0xx_HAL_Driver/Src/stm32g0xx_ll_rcc.o
LOAD Drivers/STM32G0xx_HAL_Driver/Src/stm32g0xx_ll_spi.o
LOAD Drivers/STM32G0xx_HAL_Driver/Src/stm32g0xx_ll_utils.o
START GROUP
LOAD c:/st/stm32cubeide_1.3.0/stm32cubeide/plugins/com.st.stm32cube.ide.mcu.externaltools.gnu-tools-for-stm32.7-2018-q2-update.win32_1.0.0.201904181610/tools/bin/../lib/gcc/arm-none-eabi/7.3.1/../../../../arm-none-eabi/lib/thumb/v6-m\libc_nano.a
LOAD c:/st/stm32cubeide_1.3.0/stm32cubeide/plugins/com.st.stm32cube.ide.mcu.externaltools.gnu-tools-for-stm32.7-2018-q2-update.win32_1.0.0.201904181610/tools/bin/../lib/gcc/arm-none-eabi/7.3.1/../../../../arm-none-eabi/lib/thumb/v6-m\libm.a
END GROUP
START GROUP
LOAD c:/st/stm32cubeide_1.3.0/stm32cubeide/plugins/com.st.stm32cube.ide.mcu.externaltools.gnu-tools-for-stm32.7-2018-q2-update.win32_1.0.0.201904181610/tools/bin/../lib/gcc/arm-none-eabi/7.3.1/thumb/v6-m\libgcc.a
LOAD c:/st/stm32cubeide_1.3.0/stm32cubeide/plugins/com.st.stm32cube.ide.mcu.externaltools.gnu-tools-for-stm32.7-2018-q2-update.win32_1.0.0.201904181610/tools/bin/../lib/gcc/arm-none-eabi/7.3.1/../../../../arm-none-eabi/lib/thumb/v6-m\libc_nano.a
END GROUP
START GROUP
LOAD c:/st/stm32cubeide_1.3.0/stm32cubeide/plugins/com.st.stm32cube.ide.mcu.externaltools.gnu-tools-for-stm32.7-2018-q2-update.win32_1.0.0.201904181610/tools/bin/../lib/gcc/arm-none-eabi/7.3.1/thumb/v6-m\libgcc.a
LOAD c:/st/stm32cubeide_1.3.0/stm32cubeide/plugins/com.st.stm32cube.ide.mcu.externaltools.gnu-tools-for-stm32.7-2018-q2-update.win32_1.0.0.201904181610/tools/bin/../lib/gcc/arm-none-eabi/7.3.1/../../../../arm-none-eabi/lib/thumb/v6-m\libc_nano.a
LOAD c:/st/stm32cubeide_1.3.0/stm32cubeide/plugins/com.st.stm32cube.ide.mcu.externaltools.gnu-tools-for-stm32.7-2018-q2-update.win32_1.0.0.201904181610/tools/bin/../lib/gcc/arm-none-eabi/7.3.1/../../../../arm-none-eabi/lib/thumb/v6-m\libnosys.a
END GROUP
START GROUP
LOAD c:/st/stm32cubeide_1.3.0/stm32cubeide/plugins/com.st.stm32cube.ide.mcu.externaltools.gnu-tools-for-stm32.7-2018-q2-update.win32_1.0.0.201904181610/tools/bin/../lib/gcc/arm-none-eabi/7.3.1/thumb/v6-m\libgcc.a
LOAD c:/st/stm32cubeide_1.3.0/stm32cubeide/plugins/com.st.stm32cube.ide.mcu.externaltools.gnu-tools-for-stm32.7-2018-q2-update.win32_1.0.0.201904181610/tools/bin/../lib/gcc/arm-none-eabi/7.3.1/../../../../arm-none-eabi/lib/thumb/v6-m\libc_nano.a
LOAD c:/st/stm32cubeide_1.3.0/stm32cubeide/plugins/com.st.stm32cube.ide.mcu.externaltools.gnu-tools-for-stm32.7-2018-q2-update.win32_1.0.0.201904181610/tools/bin/../lib/gcc/arm-none-eabi/7.3.1/../../../../arm-none-eabi/lib/thumb/v6-m\libnosys.a
END GROUP
LOAD c:/st/stm32cubeide_1.3.0/stm32cubeide/plugins/com.st.stm32cube.ide.mcu.externaltools.gnu-tools-for-stm32.7-2018-q2-update.win32_1.0.0.201904181610/tools/bin/../lib/gcc/arm-none-eabi/7.3.1/thumb/v6-m/crtend.o
LOAD c:/st/stm32cubeide_1.3.0/stm32cubeide/plugins/com.st.stm32cube.ide.mcu.externaltools.gnu-tools-for-stm32.7-2018-q2-update.win32_1.0.0.201904181610/tools/bin/../lib/gcc/arm-none-eabi/7.3.1/thumb/v6-m/crtn.o
                0x0000000020002000                _estack = (ORIGIN (RAM) + LENGTH (RAM))
                0x0000000000000200                _Min_Heap_Size = 0x200
                0x0000000000000400                _Min_Stack_Size = 0x400

.isr_vector     0x0000000008000000       0xb8
                0x0000000008000000                . = ALIGN (0x4)
 *(.isr_vector)
 .isr_vector    0x0000000008000000       0xb8 Core/Startup/startup_stm32g030c8tx.o
                0x0000000008000000                g_pfnVectors
                0x00000000080000b8                . = ALIGN (0x4)

.text           0x00000000080000b8     0x2a74
                0x00000000080000b8                . = ALIGN (0x4)
 *(.text)
 .text          0x00000000080000b8       0x48 c:/st/stm32cubeide_1.3.0/stm32cubeide/plugins/com.st.stm32cube.ide.mcu.externaltools.gnu-tools-for-stm32.7-2018-q2-update.win32_1.0.0.201904181610/tools/bin/../lib/gcc/arm-none-eabi/7.3.1/thumb/v6-m/crtbegin.o
 .text          0x0000000008000100      0x114 c:/st/stm32cubeide_1.3.0/stm32cubeide/plugins/com.st.stm32cube.ide.mcu.externaltools.gnu-tools-for-stm32.7-2018-q2-update.win32_1.0.0.201904181610/tools/bin/../lib/gcc/arm-none-eabi/7.3.1/thumb/v6-m\libgcc.a(_udivsi3.o)
                0x0000000008000100                __aeabi_uidiv
                0x0000000008000100                __udivsi3
                0x000000000800020c                __aeabi_uidivmod
 .text          0x0000000008000214      0x1d4 c:/st/stm32cubeide_1.3.0/stm32cubeide/plugins/com.st.stm32cube.ide.mcu.externaltools.gnu-tools-for-stm32.7-2018-q2-update.win32_1.0.0.201904181610/tools/bin/../lib/gcc/arm-none-eabi/7.3.1/thumb/v6-m\libgcc.a(_divsi3.o)
                0x0000000008000214                __divsi3
                0x0000000008000214                __aeabi_idiv
                0x00000000080003e0                __aeabi_idivmod
 .text          0x00000000080003e8        0x4 c:/st/stm32cubeide_1.3.0/stm32cubeide/plugins/com.st.stm32cube.ide.mcu.externaltools.gnu-tools-for-stm32.7-2018-q2-update.win32_1.0.0.201904181610/tools/bin/../lib/gcc/arm-none-eabi/7.3.1/thumb/v6-m\libgcc.a(_dvmd_tls.o)
                0x00000000080003e8                __aeabi_idiv0
                0x00000000080003e8                __aeabi_ldiv0
 *(.text*)
 .text.LL_RCC_HSI_Enable
                0x00000000080003ec       0x1c Core/Src/main.o
 .text.LL_RCC_HSI_IsReady
                0x0000000008000408       0x28 Core/Src/main.o
 .text.LL_RCC_SetSysClkSource
                0x0000000008000430       0x28 Core/Src/main.o
 .text.LL_RCC_GetSysClkSource
                0x0000000008000458       0x18 Core/Src/main.o
 .text.LL_RCC_SetAHBPrescaler
                0x0000000008000470       0x2c Core/Src/main.o
 .text.LL_RCC_SetAPB1Prescaler
                0x000000000800049c       0x2c Core/Src/main.o
 .text.LL_RCC_SetUSARTClockSource
                0x00000000080004c8       0x30 Core/Src/main.o
 .text.LL_RCC_PLL_Enable
                0x00000000080004f8       0x1c Core/Src/main.o
 .text.LL_RCC_PLL_IsReady
                0x0000000008000514       0x28 Core/Src/main.o
 .text.LL_RCC_PLL_ConfigDomain_SYS
                0x000000000800053c       0x40 Core/Src/main.o
 .text.LL_RCC_PLL_EnableDomain_SYS
                0x000000000800057c       0x1c Core/Src/main.o
 .text.LL_I2C_EnableClockStretching
                0x0000000008000598       0x20 Core/Src/main.o
 .text.LL_I2C_DisableGeneralCall
                0x00000000080005b8       0x20 Core/Src/main.o
 .text.LL_I2C_SetOwnAddress2
                0x00000000080005d8       0x2c Core/Src/main.o
 .text.LL_I2C_DisableOwnAddress2
                0x0000000008000604       0x20 Core/Src/main.o
 .text.LL_I2C_EnableAutoEndMode
                0x0000000008000624       0x1e Core/Src/main.o
 *fill*         0x0000000008000642        0x2 
 .text.LL_APB1_GRP1_EnableClock
                0x0000000008000644       0x2c Core/Src/main.o
 .text.LL_APB2_GRP1_EnableClock
                0x0000000008000670       0x2c Core/Src/main.o
 .text.LL_IOP_GRP1_EnableClock
                0x000000000800069c       0x2c Core/Src/main.o
 .text.LL_FLASH_SetLatency
                0x00000000080006c8       0x28 Core/Src/main.o
 .text.LL_FLASH_GetLatency
                0x00000000080006f0       0x18 Core/Src/main.o
 .text.LL_SPI_SetStandard
                0x0000000008000708       0x24 Core/Src/main.o
 .text.LL_SPI_EnableNSSPulseMgt
                0x000000000800072c       0x1c Core/Src/main.o
 .text.main     0x0000000008000748       0x22 Core/Src/main.o
                0x0000000008000748                main
 *fill*         0x000000000800076a        0x2 
 .text.SystemClock_Config
                0x000000000800076c       0x94 Core/Src/main.o
                0x000000000800076c                SystemClock_Config
 .text.MX_I2C2_Init
                0x0000000008000800      0x110 Core/Src/main.o
 .text.MX_SPI1_Init
                0x0000000008000910      0x108 Core/Src/main.o
 .text.MX_USART1_UART_Init
                0x0000000008000a18       0x9c Core/Src/main.o
 .text.MX_DMA_Init
                0x0000000008000ab4       0x3c Core/Src/main.o
 .text.MX_GPIO_Init
                0x0000000008000af0       0x8c Core/Src/main.o
 .text.Error_Handler
                0x0000000008000b7c        0xa Core/Src/main.o
                0x0000000008000b7c                Error_Handler
 *fill*         0x0000000008000b86        0x2 
 .text.HAL_MspInit
                0x0000000008000b88       0x48 Core/Src/stm32g0xx_hal_msp.o
                0x0000000008000b88                HAL_MspInit
 .text.HAL_UART_MspInit
                0x0000000008000bd0       0xf0 Core/Src/stm32g0xx_hal_msp.o
                0x0000000008000bd0                HAL_UART_MspInit
 .text.NMI_Handler
                0x0000000008000cc0        0xa Core/Src/stm32g0xx_it.o
                0x0000000008000cc0                NMI_Handler
 .text.HardFault_Handler
                0x0000000008000cca        0x6 Core/Src/stm32g0xx_it.o
                0x0000000008000cca                HardFault_Handler
 .text.SVC_Handler
                0x0000000008000cd0        0xa Core/Src/stm32g0xx_it.o
                0x0000000008000cd0                SVC_Handler
 .text.PendSV_Handler
                0x0000000008000cda        0xa Core/Src/stm32g0xx_it.o
                0x0000000008000cda                PendSV_Handler
 .text.SysTick_Handler
                0x0000000008000ce4        0xe Core/Src/stm32g0xx_it.o
                0x0000000008000ce4                SysTick_Handler
 *fill*         0x0000000008000cf2        0x2 
 .text.DMA1_Channel2_3_IRQHandler
                0x0000000008000cf4       0x18 Core/Src/stm32g0xx_it.o
                0x0000000008000cf4                DMA1_Channel2_3_IRQHandler
 .text.SystemInit
                0x0000000008000d0c       0x18 Core/Src/system_stm32g0xx.o
                0x0000000008000d0c                SystemInit
 .text.Reset_Handler
                0x0000000008000d24       0x50 Core/Startup/startup_stm32g030c8tx.o
                0x0000000008000d24                Reset_Handler
 .text.Default_Handler
                0x0000000008000d74        0x2 Core/Startup/startup_stm32g030c8tx.o
                0x0000000008000d74                TIM1_CC_IRQHandler
                0x0000000008000d74                I2C1_IRQHandler
                0x0000000008000d74                RTC_TAMP_IRQHandler
                0x0000000008000d74                SPI1_IRQHandler
                0x0000000008000d74                DMA1_Ch4_5_DMAMUX1_OVR_IRQHandler
                0x0000000008000d74                EXTI2_3_IRQHandler
                0x0000000008000d74                ADC1_IRQHandler
                0x0000000008000d74                I2C2_IRQHandler
                0x0000000008000d74                TIM17_IRQHandler
                0x0000000008000d74                TIM16_IRQHandler
                0x0000000008000d74                TIM3_IRQHandler
                0x0000000008000d74                EXTI4_15_IRQHandler
                0x0000000008000d74                RCC_IRQHandler
                0x0000000008000d74                DMA1_Channel1_IRQHandler
                0x0000000008000d74                Default_Handler
                0x0000000008000d74                TIM14_IRQHandler
                0x0000000008000d74                EXTI0_1_IRQHandler
                0x0000000008000d74                SPI2_IRQHandler
                0x0000000008000d74                WWDG_IRQHandler
                0x0000000008000d74                USART2_IRQHandler
                0x0000000008000d74                FLASH_IRQHandler
                0x0000000008000d74                USART1_IRQHandler
                0x0000000008000d74                TIM1_BRK_UP_TRG_COM_IRQHandler
 *fill*         0x0000000008000d76        0x2 
 .text.HAL_Init
                0x0000000008000d78       0x40 Drivers/STM32G0xx_HAL_Driver/Src/stm32g0xx_hal.o
                0x0000000008000d78                HAL_Init
 .text.HAL_InitTick
                0x0000000008000db8       0x94 Drivers/STM32G0xx_HAL_Driver/Src/stm32g0xx_hal.o
                0x0000000008000db8                HAL_InitTick
 .text.HAL_IncTick
                0x0000000008000e4c       0x20 Drivers/STM32G0xx_HAL_Driver/Src/stm32g0xx_hal.o
                0x0000000008000e4c                HAL_IncTick
 .text.HAL_GetTick
                0x0000000008000e6c       0x14 Drivers/STM32G0xx_HAL_Driver/Src/stm32g0xx_hal.o
                0x0000000008000e6c                HAL_GetTick
 .text.__NVIC_EnableIRQ
                0x0000000008000e80       0x34 Drivers/STM32G0xx_HAL_Driver/Src/stm32g0xx_hal_cortex.o
 .text.__NVIC_SetPriority
                0x0000000008000eb4       0xdc Drivers/STM32G0xx_HAL_Driver/Src/stm32g0xx_hal_cortex.o
 .text.SysTick_Config
                0x0000000008000f90       0x48 Drivers/STM32G0xx_HAL_Driver/Src/stm32g0xx_hal_cortex.o
 .text.HAL_NVIC_SetPriority
                0x0000000008000fd8       0x2a Drivers/STM32G0xx_HAL_Driver/Src/stm32g0xx_hal_cortex.o
                0x0000000008000fd8                HAL_NVIC_SetPriority
 .text.HAL_NVIC_EnableIRQ
                0x0000000008001002       0x20 Drivers/STM32G0xx_HAL_Driver/Src/stm32g0xx_hal_cortex.o
                0x0000000008001002                HAL_NVIC_EnableIRQ
 .text.HAL_SYSTICK_Config
                0x0000000008001022       0x1a Drivers/STM32G0xx_HAL_Driver/Src/stm32g0xx_hal_cortex.o
                0x0000000008001022                HAL_SYSTICK_Config
 .text.HAL_DMA_Init
                0x000000000800103c      0x114 Drivers/STM32G0xx_HAL_Driver/Src/stm32g0xx_hal_dma.o
                0x000000000800103c                HAL_DMA_Init
 .text.HAL_DMA_IRQHandler
                0x0000000008001150      0x164 Drivers/STM32G0xx_HAL_Driver/Src/stm32g0xx_hal_dma.o
                0x0000000008001150                HAL_DMA_IRQHandler
 .text.DMA_CalcDMAMUXChannelBaseAndMask
                0x00000000080012b4       0x58 Drivers/STM32G0xx_HAL_Driver/Src/stm32g0xx_hal_dma.o
 .text.DMA_CalcDMAMUXRequestGenBaseAndMask
                0x000000000800130c       0x48 Drivers/STM32G0xx_HAL_Driver/Src/stm32g0xx_hal_dma.o
 .text.HAL_GPIO_Init
                0x0000000008001354      0x2c8 Drivers/STM32G0xx_HAL_Driver/Src/stm32g0xx_hal_gpio.o
                0x0000000008001354                HAL_GPIO_Init
 .text.LL_RCC_GetAPB1Prescaler
                0x000000000800161c       0x18 Drivers/STM32G0xx_HAL_Driver/Src/stm32g0xx_hal_rcc.o
 .text.HAL_RCC_GetSysClockFreq
                0x0000000008001634      0x104 Drivers/STM32G0xx_HAL_Driver/Src/stm32g0xx_hal_rcc.o
                0x0000000008001634                HAL_RCC_GetSysClockFreq
 .text.HAL_RCC_GetHCLKFreq
                0x0000000008001738       0x14 Drivers/STM32G0xx_HAL_Driver/Src/stm32g0xx_hal_rcc.o
                0x0000000008001738                HAL_RCC_GetHCLKFreq
 .text.HAL_RCC_GetPCLK1Freq
                0x000000000800174c       0x2c Drivers/STM32G0xx_HAL_Driver/Src/stm32g0xx_hal_rcc.o
                0x000000000800174c                HAL_RCC_GetPCLK1Freq
 .text.HAL_UART_Init
                0x0000000008001778       0xac Drivers/STM32G0xx_HAL_Driver/Src/stm32g0xx_hal_uart.o
                0x0000000008001778                HAL_UART_Init
 .text.UART_SetConfig
                0x0000000008001824      0x89c Drivers/STM32G0xx_HAL_Driver/Src/stm32g0xx_hal_uart.o
                0x0000000008001824                UART_SetConfig
 .text.UART_AdvFeatureConfig
                0x00000000080020c0      0x168 Drivers/STM32G0xx_HAL_Driver/Src/stm32g0xx_hal_uart.o
                0x00000000080020c0                UART_AdvFeatureConfig
 .text.UART_CheckIdleState
                0x0000000008002228       0x94 Drivers/STM32G0xx_HAL_Driver/Src/stm32g0xx_hal_uart.o
                0x0000000008002228                UART_CheckIdleState
 .text.UART_WaitOnFlagUntilTimeout
                0x00000000080022bc       0x98 Drivers/STM32G0xx_HAL_Driver/Src/stm32g0xx_hal_uart.o
                0x00000000080022bc                UART_WaitOnFlagUntilTimeout
 .text.HAL_UARTEx_DisableFifoMode
                0x0000000008002354       0x74 Drivers/STM32G0xx_HAL_Driver/Src/stm32g0xx_hal_uart_ex.o
                0x0000000008002354                HAL_UARTEx_DisableFifoMode
 .text.HAL_UARTEx_SetTxFifoThreshold
                0x00000000080023c8       0x7e Drivers/STM32G0xx_HAL_Driver/Src/stm32g0xx_hal_uart_ex.o
                0x00000000080023c8                HAL_UARTEx_SetTxFifoThreshold
 *fill*         0x0000000008002446        0x2 
 .text.HAL_UARTEx_SetRxFifoThreshold
                0x0000000008002448       0x84 Drivers/STM32G0xx_HAL_Driver/Src/stm32g0xx_hal_uart_ex.o
                0x0000000008002448                HAL_UARTEx_SetRxFifoThreshold
 .text.UARTEx_SetNbDataToProcess
                0x00000000080024cc       0xd4 Drivers/STM32G0xx_HAL_Driver/Src/stm32g0xx_hal_uart_ex.o
 .text.LL_GPIO_SetPinMode
                0x00000000080025a0       0x3a Drivers/STM32G0xx_HAL_Driver/Src/stm32g0xx_ll_gpio.o
 .text.LL_GPIO_SetPinOutputType
                0x00000000080025da       0x2a Drivers/STM32G0xx_HAL_Driver/Src/stm32g0xx_ll_gpio.o
 .text.LL_GPIO_SetPinSpeed
                0x0000000008002604       0x3a Drivers/STM32G0xx_HAL_Driver/Src/stm32g0xx_ll_gpio.o
 .text.LL_GPIO_SetPinPull
                0x000000000800263e       0x3a Drivers/STM32G0xx_HAL_Driver/Src/stm32g0xx_ll_gpio.o
 .text.LL_GPIO_SetAFPin_0_7
                0x0000000008002678       0x4a Drivers/STM32G0xx_HAL_Driver/Src/stm32g0xx_ll_gpio.o
 .text.LL_GPIO_SetAFPin_8_15
                0x00000000080026c2       0x5a Drivers/STM32G0xx_HAL_Driver/Src/stm32g0xx_ll_gpio.o
 .text.LL_GPIO_Init
                0x000000000800271c       0xc8 Drivers/STM32G0xx_HAL_Driver/Src/stm32g0xx_ll_gpio.o
                0x000000000800271c                LL_GPIO_Init
 .text.LL_I2C_Enable
                0x00000000080027e4       0x1c Drivers/STM32G0xx_HAL_Driver/Src/stm32g0xx_ll_i2c.o
 .text.LL_I2C_Disable
                0x0000000008002800       0x1e Drivers/STM32G0xx_HAL_Driver/Src/stm32g0xx_ll_i2c.o
 *fill*         0x000000000800281e        0x2 
 .text.LL_I2C_ConfigFilters
                0x0000000008002820       0x30 Drivers/STM32G0xx_HAL_Driver/Src/stm32g0xx_ll_i2c.o
 .text.LL_I2C_SetOwnAddress1
                0x0000000008002850       0x28 Drivers/STM32G0xx_HAL_Driver/Src/stm32g0xx_ll_i2c.o
 .text.LL_I2C_EnableOwnAddress1
                0x0000000008002878       0x1e Drivers/STM32G0xx_HAL_Driver/Src/stm32g0xx_ll_i2c.o
 *fill*         0x0000000008002896        0x2 
 .text.LL_I2C_DisableOwnAddress1
                0x0000000008002898       0x20 Drivers/STM32G0xx_HAL_Driver/Src/stm32g0xx_ll_i2c.o
 .text.LL_I2C_SetTiming
                0x00000000080028b8       0x18 Drivers/STM32G0xx_HAL_Driver/Src/stm32g0xx_ll_i2c.o
 .text.LL_I2C_SetMode
                0x00000000080028d0       0x28 Drivers/STM32G0xx_HAL_Driver/Src/stm32g0xx_ll_i2c.o
 .text.LL_I2C_AcknowledgeNextData
                0x00000000080028f8       0x28 Drivers/STM32G0xx_HAL_Driver/Src/stm32g0xx_ll_i2c.o
 .text.LL_I2C_Init
                0x0000000008002920       0x86 Drivers/STM32G0xx_HAL_Driver/Src/stm32g0xx_ll_i2c.o
                0x0000000008002920                LL_I2C_Init
 .text.LL_SPI_IsEnabled
                0x00000000080029a6       0x22 Drivers/STM32G0xx_HAL_Driver/Src/stm32g0xx_ll_spi.o
 .text.LL_SPI_SetCRCPolynomial
                0x00000000080029c8       0x1c Drivers/STM32G0xx_HAL_Driver/Src/stm32g0xx_ll_spi.o
 .text.LL_SPI_Init
                0x00000000080029e4       0xbc Drivers/STM32G0xx_HAL_Driver/Src/stm32g0xx_ll_spi.o
                0x00000000080029e4                LL_SPI_Init
 .text.LL_SetSystemCoreClock
                0x0000000008002aa0       0x1c Drivers/STM32G0xx_HAL_Driver/Src/stm32g0xx_ll_utils.o
                0x0000000008002aa0                LL_SetSystemCoreClock
 .text.__libc_init_array
                0x0000000008002abc       0x48 c:/st/stm32cubeide_1.3.0/stm32cubeide/plugins/com.st.stm32cube.ide.mcu.externaltools.gnu-tools-for-stm32.7-2018-q2-update.win32_1.0.0.201904181610/tools/bin/../lib/gcc/arm-none-eabi/7.3.1/../../../../arm-none-eabi/lib/thumb/v6-m\libc_nano.a(lib_a-init.o)
                0x0000000008002abc                __libc_init_array
 .text.memset   0x0000000008002b04       0x10 c:/st/stm32cubeide_1.3.0/stm32cubeide/plugins/com.st.stm32cube.ide.mcu.externaltools.gnu-tools-for-stm32.7-2018-q2-update.win32_1.0.0.201904181610/tools/bin/../lib/gcc/arm-none-eabi/7.3.1/../../../../arm-none-eabi/lib/thumb/v6-m\libc_nano.a(lib_a-memset.o)
                0x0000000008002b04                memset
 *(.glue_7)
 .glue_7        0x0000000008002b14        0x0 linker stubs
 *(.glue_7t)
 .glue_7t       0x0000000008002b14        0x0 linker stubs
 *(.eh_frame)
 .eh_frame      0x0000000008002b14        0x0 c:/st/stm32cubeide_1.3.0/stm32cubeide/plugins/com.st.stm32cube.ide.mcu.externaltools.gnu-tools-for-stm32.7-2018-q2-update.win32_1.0.0.201904181610/tools/bin/../lib/gcc/arm-none-eabi/7.3.1/thumb/v6-m/crtbegin.o
 *(.init)
 .init          0x0000000008002b14        0x4 c:/st/stm32cubeide_1.3.0/stm32cubeide/plugins/com.st.stm32cube.ide.mcu.externaltools.gnu-tools-for-stm32.7-2018-q2-update.win32_1.0.0.201904181610/tools/bin/../lib/gcc/arm-none-eabi/7.3.1/thumb/v6-m/crti.o
                0x0000000008002b14                _init
 .init          0x0000000008002b18        0x8 c:/st/stm32cubeide_1.3.0/stm32cubeide/plugins/com.st.stm32cube.ide.mcu.externaltools.gnu-tools-for-stm32.7-2018-q2-update.win32_1.0.0.201904181610/tools/bin/../lib/gcc/arm-none-eabi/7.3.1/thumb/v6-m/crtn.o
 *(.fini)
 .fini          0x0000000008002b20        0x4 c:/st/stm32cubeide_1.3.0/stm32cubeide/plugins/com.st.stm32cube.ide.mcu.externaltools.gnu-tools-for-stm32.7-2018-q2-update.win32_1.0.0.201904181610/tools/bin/../lib/gcc/arm-none-eabi/7.3.1/thumb/v6-m/crti.o
                0x0000000008002b20                _fini
 .fini          0x0000000008002b24        0x8 c:/st/stm32cubeide_1.3.0/stm32cubeide/plugins/com.st.stm32cube.ide.mcu.externaltools.gnu-tools-for-stm32.7-2018-q2-update.win32_1.0.0.201904181610/tools/bin/../lib/gcc/arm-none-eabi/7.3.1/thumb/v6-m/crtn.o
                0x0000000008002b2c                . = ALIGN (0x4)
                0x0000000008002b2c                _etext = .

.vfp11_veneer   0x0000000008002b2c        0x0
 .vfp11_veneer  0x0000000008002b2c        0x0 linker stubs

.v4_bx          0x0000000008002b2c        0x0
 .v4_bx         0x0000000008002b2c        0x0 linker stubs

.iplt           0x0000000008002b2c        0x0
 .iplt          0x0000000008002b2c        0x0 c:/st/stm32cubeide_1.3.0/stm32cubeide/plugins/com.st.stm32cube.ide.mcu.externaltools.gnu-tools-for-stm32.7-2018-q2-update.win32_1.0.0.201904181610/tools/bin/../lib/gcc/arm-none-eabi/7.3.1/thumb/v6-m/crtbegin.o

.rodata         0x0000000008002b2c       0x30
                0x0000000008002b2c                . = ALIGN (0x4)
 *(.rodata)
 .rodata        0x0000000008002b2c       0x10 Drivers/STM32G0xx_HAL_Driver/Src/stm32g0xx_hal_uart_ex.o
 *(.rodata*)
 .rodata.APBPrescTable
                0x0000000008002b3c       0x20 Core/Src/system_stm32g0xx.o
                0x0000000008002b3c                APBPrescTable
                0x0000000008002b5c                . = ALIGN (0x4)

.rel.dyn        0x0000000008002b5c        0x0
 .rel.iplt      0x0000000008002b5c        0x0 c:/st/stm32cubeide_1.3.0/stm32cubeide/plugins/com.st.stm32cube.ide.mcu.externaltools.gnu-tools-for-stm32.7-2018-q2-update.win32_1.0.0.201904181610/tools/bin/../lib/gcc/arm-none-eabi/7.3.1/thumb/v6-m/crtbegin.o

.ARM.extab      0x0000000008002b5c        0x0
                0x0000000008002b5c                . = ALIGN (0x4)
 *(.ARM.extab* .gnu.linkonce.armextab.*)
                0x0000000008002b5c                . = ALIGN (0x4)

.ARM            0x0000000008002b5c        0x0
                0x0000000008002b5c                . = ALIGN (0x4)
                0x0000000008002b5c                __exidx_start = .
 *(.ARM.exidx*)
                0x0000000008002b5c                __exidx_end = .
                0x0000000008002b5c                . = ALIGN (0x4)

.preinit_array  0x0000000008002b5c        0x0
                0x0000000008002b5c                . = ALIGN (0x4)
                0x0000000008002b5c                PROVIDE (__preinit_array_start = .)
 *(.preinit_array*)
                0x0000000008002b5c                PROVIDE (__preinit_array_end = .)
                0x0000000008002b5c                . = ALIGN (0x4)

.init_array     0x0000000008002b5c        0x4
                0x0000000008002b5c                . = ALIGN (0x4)
                0x0000000008002b5c                PROVIDE (__init_array_start = .)
 *(SORT_BY_NAME(.init_array.*))
 *(.init_array*)
 .init_array    0x0000000008002b5c        0x4 c:/st/stm32cubeide_1.3.0/stm32cubeide/plugins/com.st.stm32cube.ide.mcu.externaltools.gnu-tools-for-stm32.7-2018-q2-update.win32_1.0.0.201904181610/tools/bin/../lib/gcc/arm-none-eabi/7.3.1/thumb/v6-m/crtbegin.o
                0x0000000008002b60                PROVIDE (__init_array_end = .)
                0x0000000008002b60                . = ALIGN (0x4)

.fini_array     0x0000000008002b60        0x4
                0x0000000008002b60                . = ALIGN (0x4)
                [!provide]                        PROVIDE (__fini_array_start = .)
 *(SORT_BY_NAME(.fini_array.*))
 *(.fini_array*)
 .fini_array    0x0000000008002b60        0x4 c:/st/stm32cubeide_1.3.0/stm32cubeide/plugins/com.st.stm32cube.ide.mcu.externaltools.gnu-tools-for-stm32.7-2018-q2-update.win32_1.0.0.201904181610/tools/bin/../lib/gcc/arm-none-eabi/7.3.1/thumb/v6-m/crtbegin.o
                [!provide]                        PROVIDE (__fini_array_end = .)
                0x0000000008002b64                . = ALIGN (0x4)
                0x0000000008002b64                _sidata = LOADADDR (.data)

.data           0x0000000020000000        0xc load address 0x0000000008002b64
                0x0000000020000000                . = ALIGN (0x4)
                0x0000000020000000                _sdata = .
 *(.data)
 *(.data*)
 .data.SystemCoreClock
                0x0000000020000000        0x4 Core/Src/system_stm32g0xx.o
                0x0000000020000000                SystemCoreClock
 .data.uwTickPrio
                0x0000000020000004        0x4 Drivers/STM32G0xx_HAL_Driver/Src/stm32g0xx_hal.o
                0x0000000020000004                uwTickPrio
 .data.uwTickFreq
                0x0000000020000008        0x4 Drivers/STM32G0xx_HAL_Driver/Src/stm32g0xx_hal.o
                0x0000000020000008                uwTickFreq
                0x000000002000000c                . = ALIGN (0x4)
                0x000000002000000c                _edata = .

.igot.plt       0x000000002000000c        0x0 load address 0x0000000008002b70
 .igot.plt      0x000000002000000c        0x0 c:/st/stm32cubeide_1.3.0/stm32cubeide/plugins/com.st.stm32cube.ide.mcu.externaltools.gnu-tools-for-stm32.7-2018-q2-update.win32_1.0.0.201904181610/tools/bin/../lib/gcc/arm-none-eabi/7.3.1/thumb/v6-m/crtbegin.o
                0x000000002000000c                . = ALIGN (0x4)

.bss            0x000000002000000c      0x108 load address 0x0000000008002b70
                0x000000002000000c                _sbss = .
                0x000000002000000c                __bss_start__ = _sbss
 *(.bss)
 .bss           0x000000002000000c       0x1c c:/st/stm32cubeide_1.3.0/stm32cubeide/plugins/com.st.stm32cube.ide.mcu.externaltools.gnu-tools-for-stm32.7-2018-q2-update.win32_1.0.0.201904181610/tools/bin/../lib/gcc/arm-none-eabi/7.3.1/thumb/v6-m/crtbegin.o
 *(.bss*)
 *(COMMON)
 COMMON         0x0000000020000028       0xe8 Core/Src/main.o
                0x0000000020000028                hdma_usart1_tx
                0x0000000020000084                huart1
 COMMON         0x0000000020000110        0x4 Drivers/STM32G0xx_HAL_Driver/Src/stm32g0xx_hal.o
                0x0000000020000110                uwTick
                0x0000000020000114                . = ALIGN (0x4)
                0x0000000020000114                _ebss = .
                0x0000000020000114                __bss_end__ = _ebss

._user_heap_stack
                0x0000000020000114      0x604 load address 0x0000000008002b70
                0x0000000020000118                . = ALIGN (0x8)
 *fill*         0x0000000020000114        0x4 
                0x0000000020000118                PROVIDE (end = .)
                [!provide]                        PROVIDE (_end = .)
                0x0000000020000318                . = (. + _Min_Heap_Size)
 *fill*         0x0000000020000118      0x200 
                0x0000000020000718                . = (. + _Min_Stack_Size)
 *fill*         0x0000000020000318      0x400 
                0x0000000020000718                . = ALIGN (0x8)

/DISCARD/
 libc.a(*)
 libm.a(*)
 libgcc.a(*)

.ARM.attributes
                0x0000000000000000       0x28
 *(.ARM.attributes)
 .ARM.attributes
                0x0000000000000000       0x1e c:/st/stm32cubeide_1.3.0/stm32cubeide/plugins/com.st.stm32cube.ide.mcu.externaltools.gnu-tools-for-stm32.7-2018-q2-update.win32_1.0.0.201904181610/tools/bin/../lib/gcc/arm-none-eabi/7.3.1/thumb/v6-m/crti.o
 .ARM.attributes
                0x000000000000001e       0x2c c:/st/stm32cubeide_1.3.0/stm32cubeide/plugins/com.st.stm32cube.ide.mcu.externaltools.gnu-tools-for-stm32.7-2018-q2-update.win32_1.0.0.201904181610/tools/bin/../lib/gcc/arm-none-eabi/7.3.1/thumb/v6-m/crtbegin.o
 .ARM.attributes
                0x000000000000004a       0x32 Core/Src/main.o
 .ARM.attributes
                0x000000000000007c       0x32 Core/Src/stm32g0xx_hal_msp.o
 .ARM.attributes
                0x00000000000000ae       0x32 Core/Src/stm32g0xx_it.o
 .ARM.attributes
                0x00000000000000e0       0x32 Core/Src/system_stm32g0xx.o
 .ARM.attributes
                0x0000000000000112       0x21 Core/Startup/startup_stm32g030c8tx.o
 .ARM.attributes
                0x0000000000000133       0x32 Drivers/STM32G0xx_HAL_Driver/Src/stm32g0xx_hal.o
 .ARM.attributes
                0x0000000000000165       0x32 Drivers/STM32G0xx_HAL_Driver/Src/stm32g0xx_hal_cortex.o
 .ARM.attributes
                0x0000000000000197       0x32 Drivers/STM32G0xx_HAL_Driver/Src/stm32g0xx_hal_dma.o
 .ARM.attributes
                0x00000000000001c9       0x32 Drivers/STM32G0xx_HAL_Driver/Src/stm32g0xx_hal_gpio.o
 .ARM.attributes
                0x00000000000001fb       0x32 Drivers/STM32G0xx_HAL_Driver/Src/stm32g0xx_hal_rcc.o
 .ARM.attributes
                0x000000000000022d       0x32 Drivers/STM32G0xx_HAL_Driver/Src/stm32g0xx_hal_uart.o
 .ARM.attributes
                0x000000000000025f       0x32 Drivers/STM32G0xx_HAL_Driver/Src/stm32g0xx_hal_uart_ex.o
 .ARM.attributes
                0x0000000000000291       0x32 Drivers/STM32G0xx_HAL_Driver/Src/stm32g0xx_ll_gpio.o
 .ARM.attributes
                0x00000000000002c3       0x32 Drivers/STM32G0xx_HAL_Driver/Src/stm32g0xx_ll_i2c.o
 .ARM.attributes
                0x00000000000002f5       0x32 Drivers/STM32G0xx_HAL_Driver/Src/stm32g0xx_ll_spi.o
 .ARM.attributes
                0x0000000000000327       0x32 Drivers/STM32G0xx_HAL_Driver/Src/stm32g0xx_ll_utils.o
 .ARM.attributes
                0x0000000000000359       0x2c c:/st/stm32cubeide_1.3.0/stm32cubeide/plugins/com.st.stm32cube.ide.mcu.externaltools.gnu-tools-for-stm32.7-2018-q2-update.win32_1.0.0.201904181610/tools/bin/../lib/gcc/arm-none-eabi/7.3.1/../../../../arm-none-eabi/lib/thumb/v6-m\libc_nano.a(lib_a-init.o)
 .ARM.attributes
                0x0000000000000385       0x2c c:/st/stm32cubeide_1.3.0/stm32cubeide/plugins/com.st.stm32cube.ide.mcu.externaltools.gnu-tools-for-stm32.7-2018-q2-update.win32_1.0.0.201904181610/tools/bin/../lib/gcc/arm-none-eabi/7.3.1/../../../../arm-none-eabi/lib/thumb/v6-m\libc_nano.a(lib_a-memset.o)
 .ARM.attributes
                0x00000000000003b1       0x1e c:/st/stm32cubeide_1.3.0/stm32cubeide/plugins/com.st.stm32cube.ide.mcu.externaltools.gnu-tools-for-stm32.7-2018-q2-update.win32_1.0.0.201904181610/tools/bin/../lib/gcc/arm-none-eabi/7.3.1/thumb/v6-m\libgcc.a(_udivsi3.o)
 .ARM.attributes
                0x00000000000003cf       0x1e c:/st/stm32cubeide_1.3.0/stm32cubeide/plugins/com.st.stm32cube.ide.mcu.externaltools.gnu-tools-for-stm32.7-2018-q2-update.win32_1.0.0.201904181610/tools/bin/../lib/gcc/arm-none-eabi/7.3.1/thumb/v6-m\libgcc.a(_divsi3.o)
 .ARM.attributes
                0x00000000000003ed       0x1e c:/st/stm32cubeide_1.3.0/stm32cubeide/plugins/com.st.stm32cube.ide.mcu.externaltools.gnu-tools-for-stm32.7-2018-q2-update.win32_1.0.0.201904181610/tools/bin/../lib/gcc/arm-none-eabi/7.3.1/thumb/v6-m\libgcc.a(_dvmd_tls.o)
 .ARM.attributes
                0x000000000000040b       0x1e c:/st/stm32cubeide_1.3.0/stm32cubeide/plugins/com.st.stm32cube.ide.mcu.externaltools.gnu-tools-for-stm32.7-2018-q2-update.win32_1.0.0.201904181610/tools/bin/../lib/gcc/arm-none-eabi/7.3.1/thumb/v6-m/crtn.o
OUTPUT(MX_G030.elf elf32-littlearm)

.debug_info     0x0000000000000000     0x93e9
 .debug_info    0x0000000000000000     0x1264 Core/Src/main.o
 .debug_info    0x0000000000001264      0xafa Core/Src/stm32g0xx_hal_msp.o
 .debug_info    0x0000000000001d5e      0x4e6 Core/Src/stm32g0xx_it.o
 .debug_info    0x0000000000002244      0x434 Core/Src/system_stm32g0xx.o
 .debug_info    0x0000000000002678       0x22 Core/Startup/startup_stm32g030c8tx.o
 .debug_info    0x000000000000269a      0x8e6 Drivers/STM32G0xx_HAL_Driver/Src/stm32g0xx_hal.o
 .debug_info    0x0000000000002f80      0x941 Drivers/STM32G0xx_HAL_Driver/Src/stm32g0xx_hal_cortex.o
 .debug_info    0x00000000000038c1      0x8d9 Drivers/STM32G0xx_HAL_Driver/Src/stm32g0xx_hal_dma.o
 .debug_info    0x000000000000419a      0x63a Drivers/STM32G0xx_HAL_Driver/Src/stm32g0xx_hal_gpio.o
 .debug_info    0x00000000000047d4      0xa61 Drivers/STM32G0xx_HAL_Driver/Src/stm32g0xx_hal_rcc.o
 .debug_info    0x0000000000005235     0x1805 Drivers/STM32G0xx_HAL_Driver/Src/stm32g0xx_hal_uart.o
 .debug_info    0x0000000000006a3a      0xb73 Drivers/STM32G0xx_HAL_Driver/Src/stm32g0xx_hal_uart_ex.o
 .debug_info    0x00000000000075ad      0x6b3 Drivers/STM32G0xx_HAL_Driver/Src/stm32g0xx_ll_gpio.o
 .debug_info    0x0000000000007c60      0x6c2 Drivers/STM32G0xx_HAL_Driver/Src/stm32g0xx_ll_i2c.o
 .debug_info    0x0000000000008322      0x7dc Drivers/STM32G0xx_HAL_Driver/Src/stm32g0xx_ll_spi.o
 .debug_info    0x0000000000008afe      0x8eb Drivers/STM32G0xx_HAL_Driver/Src/stm32g0xx_ll_utils.o

.debug_abbrev   0x0000000000000000     0x1c18
 .debug_abbrev  0x0000000000000000      0x24e Core/Src/main.o
 .debug_abbrev  0x000000000000024e      0x18c Core/Src/stm32g0xx_hal_msp.o
 .debug_abbrev  0x00000000000003da      0x12f Core/Src/stm32g0xx_it.o
 .debug_abbrev  0x0000000000000509      0x147 Core/Src/system_stm32g0xx.o
 .debug_abbrev  0x0000000000000650       0x12 Core/Startup/startup_stm32g030c8tx.o
 .debug_abbrev  0x0000000000000662      0x242 Drivers/STM32G0xx_HAL_Driver/Src/stm32g0xx_hal.o
 .debug_abbrev  0x00000000000008a4      0x27c Drivers/STM32G0xx_HAL_Driver/Src/stm32g0xx_hal_cortex.o
 .debug_abbrev  0x0000000000000b20      0x1d5 Drivers/STM32G0xx_HAL_Driver/Src/stm32g0xx_hal_dma.o
 .debug_abbrev  0x0000000000000cf5      0x1b7 Drivers/STM32G0xx_HAL_Driver/Src/stm32g0xx_hal_gpio.o
 .debug_abbrev  0x0000000000000eac      0x211 Drivers/STM32G0xx_HAL_Driver/Src/stm32g0xx_hal_rcc.o
 .debug_abbrev  0x00000000000010bd      0x214 Drivers/STM32G0xx_HAL_Driver/Src/stm32g0xx_hal_uart.o
 .debug_abbrev  0x00000000000012d1      0x209 Drivers/STM32G0xx_HAL_Driver/Src/stm32g0xx_hal_uart_ex.o
 .debug_abbrev  0x00000000000014da      0x1a2 Drivers/STM32G0xx_HAL_Driver/Src/stm32g0xx_ll_gpio.o
 .debug_abbrev  0x000000000000167c      0x184 Drivers/STM32G0xx_HAL_Driver/Src/stm32g0xx_ll_i2c.o
 .debug_abbrev  0x0000000000001800      0x203 Drivers/STM32G0xx_HAL_Driver/Src/stm32g0xx_ll_spi.o
 .debug_abbrev  0x0000000000001a03      0x215 Drivers/STM32G0xx_HAL_Driver/Src/stm32g0xx_ll_utils.o

.debug_aranges  0x0000000000000000      0xa40
 .debug_aranges
                0x0000000000000000      0x110 Core/Src/main.o
 .debug_aranges
                0x0000000000000110       0x30 Core/Src/stm32g0xx_hal_msp.o
 .debug_aranges
                0x0000000000000140       0x48 Core/Src/stm32g0xx_it.o
 .debug_aranges
                0x0000000000000188       0x28 Core/Src/system_stm32g0xx.o
 .debug_aranges
                0x00000000000001b0       0x28 Core/Startup/startup_stm32g030c8tx.o
 .debug_aranges
                0x00000000000001d8      0x100 Drivers/STM32G0xx_HAL_Driver/Src/stm32g0xx_hal.o
 .debug_aranges
                0x00000000000002d8       0xd8 Drivers/STM32G0xx_HAL_Driver/Src/stm32g0xx_hal_cortex.o
 .debug_aranges
                0x00000000000003b0       0x90 Drivers/STM32G0xx_HAL_Driver/Src/stm32g0xx_hal_dma.o
 .debug_aranges
                0x0000000000000440       0x60 Drivers/STM32G0xx_HAL_Driver/Src/stm32g0xx_hal_gpio.o
 .debug_aranges
                0x00000000000004a0       0x98 Drivers/STM32G0xx_HAL_Driver/Src/stm32g0xx_hal_rcc.o
 .debug_aranges
                0x0000000000000538      0x218 Drivers/STM32G0xx_HAL_Driver/Src/stm32g0xx_hal_uart.o
 .debug_aranges
                0x0000000000000750       0x88 Drivers/STM32G0xx_HAL_Driver/Src/stm32g0xx_hal_uart_ex.o
 .debug_aranges
                0x00000000000007d8       0x70 Drivers/STM32G0xx_HAL_Driver/Src/stm32g0xx_ll_gpio.o
 .debug_aranges
                0x0000000000000848       0x88 Drivers/STM32G0xx_HAL_Driver/Src/stm32g0xx_ll_i2c.o
 .debug_aranges
                0x00000000000008d0       0x88 Drivers/STM32G0xx_HAL_Driver/Src/stm32g0xx_ll_spi.o
 .debug_aranges
                0x0000000000000958       0xe8 Drivers/STM32G0xx_HAL_Driver/Src/stm32g0xx_ll_utils.o

.debug_ranges   0x0000000000000000      0x948
 .debug_ranges  0x0000000000000000      0x100 Core/Src/main.o
 .debug_ranges  0x0000000000000100       0x20 Core/Src/stm32g0xx_hal_msp.o
 .debug_ranges  0x0000000000000120       0x38 Core/Src/stm32g0xx_it.o
 .debug_ranges  0x0000000000000158       0x18 Core/Src/system_stm32g0xx.o
 .debug_ranges  0x0000000000000170       0x20 Core/Startup/startup_stm32g030c8tx.o
 .debug_ranges  0x0000000000000190       0xf0 Drivers/STM32G0xx_HAL_Driver/Src/stm32g0xx_hal.o
 .debug_ranges  0x0000000000000280       0xc8 Drivers/STM32G0xx_HAL_Driver/Src/stm32g0xx_hal_cortex.o
 .debug_ranges  0x0000000000000348       0x80 Drivers/STM32G0xx_HAL_Driver/Src/stm32g0xx_hal_dma.o
 .debug_ranges  0x00000000000003c8       0x50 Drivers/STM32G0xx_HAL_Driver/Src/stm32g0xx_hal_gpio.o
 .debug_ranges  0x0000000000000418       0x88 Drivers/STM32G0xx_HAL_Driver/Src/stm32g0xx_hal_rcc.o
 .debug_ranges  0x00000000000004a0      0x208 Drivers/STM32G0xx_HAL_Driver/Src/stm32g0xx_hal_uart.o
 .debug_ranges  0x00000000000006a8       0x78 Drivers/STM32G0xx_HAL_Driver/Src/stm32g0xx_hal_uart_ex.o
 .debug_ranges  0x0000000000000720       0x60 Drivers/STM32G0xx_HAL_Driver/Src/stm32g0xx_ll_gpio.o
 .debug_ranges  0x0000000000000780       0x78 Drivers/STM32G0xx_HAL_Driver/Src/stm32g0xx_ll_i2c.o
 .debug_ranges  0x00000000000007f8       0x78 Drivers/STM32G0xx_HAL_Driver/Src/stm32g0xx_ll_spi.o
 .debug_ranges  0x0000000000000870       0xd8 Drivers/STM32G0xx_HAL_Driver/Src/stm32g0xx_ll_utils.o

.debug_macro    0x0000000000000000    0x150a1
 .debug_macro   0x0000000000000000      0x224 Core/Src/main.o
 .debug_macro   0x0000000000000224      0xa4e Core/Src/main.o
 .debug_macro   0x0000000000000c72      0x103 Core/Src/main.o
 .debug_macro   0x0000000000000d75       0x2e Core/Src/main.o
 .debug_macro   0x0000000000000da3       0x28 Core/Src/main.o
 .debug_macro   0x0000000000000dcb       0x22 Core/Src/main.o
 .debug_macro   0x0000000000000ded       0x8e Core/Src/main.o
 .debug_macro   0x0000000000000e7b       0x51 Core/Src/main.o
 .debug_macro   0x0000000000000ecc       0xef Core/Src/main.o
 .debug_macro   0x0000000000000fbb       0x6a Core/Src/main.o
 .debug_macro   0x0000000000001025      0x1df Core/Src/main.o
 .debug_macro   0x0000000000001204       0x1c Core/Src/main.o
 .debug_macro   0x0000000000001220       0x22 Core/Src/main.o
 .debug_macro   0x0000000000001242       0xb5 Core/Src/main.o
 .debug_macro   0x00000000000012f7      0x4da Core/Src/main.o
 .debug_macro   0x00000000000017d1      0x11f Core/Src/main.o
 .debug_macro   0x00000000000018f0     0x9f2f Core/Src/main.o
 .debug_macro   0x000000000000b81f       0x3c Core/Src/main.o
 .debug_macro   0x000000000000b85b     0x3468 Core/Src/main.o
 .debug_macro   0x000000000000ecc3      0x174 Core/Src/main.o
 .debug_macro   0x000000000000ee37       0x5a Core/Src/main.o
 .debug_macro   0x000000000000ee91      0x493 Core/Src/main.o
 .debug_macro   0x000000000000f324      0xd91 Core/Src/main.o
 .debug_macro   0x00000000000100b5       0xfb Core/Src/main.o
 .debug_macro   0x00000000000101b0      0x153 Core/Src/main.o
 .debug_macro   0x0000000000010303       0xff Core/Src/main.o
 .debug_macro   0x0000000000010402      0x2b8 Core/Src/main.o
 .debug_macro   0x00000000000106ba      0x1a5 Core/Src/main.o
 .debug_macro   0x000000000001085f       0x43 Core/Src/main.o
 .debug_macro   0x00000000000108a2      0x1f1 Core/Src/main.o
 .debug_macro   0x0000000000010a93      0x1b7 Core/Src/main.o
 .debug_macro   0x0000000000010c4a      0x287 Core/Src/main.o
 .debug_macro   0x0000000000010ed1       0x28 Core/Src/main.o
 .debug_macro   0x0000000000010ef9       0xac Core/Src/main.o
 .debug_macro   0x0000000000010fa5      0x11b Core/Src/main.o
 .debug_macro   0x00000000000110c0       0xd2 Core/Src/main.o
 .debug_macro   0x0000000000011192      0x63f Core/Src/main.o
 .debug_macro   0x00000000000117d1       0xa6 Core/Src/main.o
 .debug_macro   0x0000000000011877      0x423 Core/Src/main.o
 .debug_macro   0x0000000000011c9a      0x246 Core/Src/main.o
 .debug_macro   0x0000000000011ee0       0xcf Core/Src/main.o
 .debug_macro   0x0000000000011faf      0x12c Core/Src/main.o
 .debug_macro   0x00000000000120db      0x196 Core/Src/main.o
 .debug_macro   0x0000000000012271      0x175 Core/Src/main.o
 .debug_macro   0x00000000000123e6       0x5a Core/Src/main.o
 .debug_macro   0x0000000000012440      0x159 Core/Src/main.o
 .debug_macro   0x0000000000012599      0x32f Core/Src/main.o
 .debug_macro   0x00000000000128c8      0x203 Core/Src/main.o
 .debug_macro   0x0000000000012acb      0x2eb Core/Src/main.o
 .debug_macro   0x0000000000012db6      0x132 Core/Src/main.o
 .debug_macro   0x0000000000012ee8      0x224 Core/Src/stm32g0xx_hal_msp.o
 .debug_macro   0x000000000001310c      0x22e Core/Src/stm32g0xx_it.o
 .debug_macro   0x000000000001333a      0x1b3 Core/Src/system_stm32g0xx.o
 .debug_macro   0x00000000000134ed      0x1cb Drivers/STM32G0xx_HAL_Driver/Src/stm32g0xx_hal.o
 .debug_macro   0x00000000000136b8      0x1ad Drivers/STM32G0xx_HAL_Driver/Src/stm32g0xx_hal_cortex.o
 .debug_macro   0x0000000000013865      0x1ad Drivers/STM32G0xx_HAL_Driver/Src/stm32g0xx_hal_dma.o
 .debug_macro   0x0000000000013a12      0x1e5 Drivers/STM32G0xx_HAL_Driver/Src/stm32g0xx_hal_gpio.o
 .debug_macro   0x0000000000013bf7      0x1e9 Drivers/STM32G0xx_HAL_Driver/Src/stm32g0xx_hal_rcc.o
 .debug_macro   0x0000000000013de0      0x1d8 Drivers/STM32G0xx_HAL_Driver/Src/stm32g0xx_hal_uart.o
 .debug_macro   0x0000000000013fb8      0x1b9 Drivers/STM32G0xx_HAL_Driver/Src/stm32g0xx_hal_uart_ex.o
 .debug_macro   0x0000000000014171      0x1ef Drivers/STM32G0xx_HAL_Driver/Src/stm32g0xx_ll_gpio.o
 .debug_macro   0x0000000000014360      0x12c Drivers/STM32G0xx_HAL_Driver/Src/stm32g0xx_ll_gpio.o
 .debug_macro   0x000000000001448c      0x1ef Drivers/STM32G0xx_HAL_Driver/Src/stm32g0xx_ll_i2c.o
 .debug_macro   0x000000000001467b      0x240 Drivers/STM32G0xx_HAL_Driver/Src/stm32g0xx_ll_i2c.o
 .debug_macro   0x00000000000148bb      0x257 Drivers/STM32G0xx_HAL_Driver/Src/stm32g0xx_ll_spi.o
 .debug_macro   0x0000000000014b12      0x2e5 Drivers/STM32G0xx_HAL_Driver/Src/stm32g0xx_ll_spi.o
 .debug_macro   0x0000000000014df7      0x256 Drivers/STM32G0xx_HAL_Driver/Src/stm32g0xx_ll_utils.o
 .debug_macro   0x000000000001504d       0x54 Drivers/STM32G0xx_HAL_Driver/Src/stm32g0xx_ll_utils.o

.debug_line     0x0000000000000000     0x8f05
 .debug_line    0x0000000000000000      0xa8f Core/Src/main.o
 .debug_line    0x0000000000000a8f      0x7df Core/Src/stm32g0xx_hal_msp.o
 .debug_line    0x000000000000126e      0x809 Core/Src/stm32g0xx_it.o
 .debug_line    0x0000000000001a77      0x6c0 Core/Src/system_stm32g0xx.o
 .debug_line    0x0000000000002137       0x89 Core/Startup/startup_stm32g030c8tx.o
 .debug_line    0x00000000000021c0      0x8cd Drivers/STM32G0xx_HAL_Driver/Src/stm32g0xx_hal.o
 .debug_line    0x0000000000002a8d      0x8eb Drivers/STM32G0xx_HAL_Driver/Src/stm32g0xx_hal_cortex.o
 .debug_line    0x0000000000003378      0x919 Drivers/STM32G0xx_HAL_Driver/Src/stm32g0xx_hal_dma.o
 .debug_line    0x0000000000003c91      0x833 Drivers/STM32G0xx_HAL_Driver/Src/stm32g0xx_hal_gpio.o
 .debug_line    0x00000000000044c4      0x991 Drivers/STM32G0xx_HAL_Driver/Src/stm32g0xx_hal_rcc.o
 .debug_line    0x0000000000004e55     0x162d Drivers/STM32G0xx_HAL_Driver/Src/stm32g0xx_hal_uart.o
 .debug_line    0x0000000000006482      0x913 Drivers/STM32G0xx_HAL_Driver/Src/stm32g0xx_hal_uart_ex.o
 .debug_line    0x0000000000006d95      0x7de Drivers/STM32G0xx_HAL_Driver/Src/stm32g0xx_ll_gpio.o
 .debug_line    0x0000000000007573      0x7ea Drivers/STM32G0xx_HAL_Driver/Src/stm32g0xx_ll_i2c.o
 .debug_line    0x0000000000007d5d      0x847 Drivers/STM32G0xx_HAL_Driver/Src/stm32g0xx_ll_spi.o
 .debug_line    0x00000000000085a4      0x961 Drivers/STM32G0xx_HAL_Driver/Src/stm32g0xx_ll_utils.o

.debug_str      0x0000000000000000    0x80950
 .debug_str     0x0000000000000000    0x7c6ca Core/Src/main.o
                                      0x7ce43 (size before relaxing)
 .debug_str     0x000000000007c6ca       0x56 Core/Src/stm32g0xx_hal_msp.o
                                      0x7c86f (size before relaxing)
 .debug_str     0x000000000007c720       0x91 Core/Src/stm32g0xx_it.o
                                      0x7c526 (size before relaxing)
 .debug_str     0x000000000007c7b1       0x9c Core/Src/system_stm32g0xx.o
                                      0x748df (size before relaxing)
 .debug_str     0x000000000007c84d       0x36 Core/Startup/startup_stm32g030c8tx.o
                                         0x76 (size before relaxing)
 .debug_str     0x000000000007c883      0x3c2 Drivers/STM32G0xx_HAL_Driver/Src/stm32g0xx_hal.o
                                      0x74e89 (size before relaxing)
 .debug_str     0x000000000007cc45      0x2ad Drivers/STM32G0xx_HAL_Driver/Src/stm32g0xx_hal_cortex.o
                                      0x74d03 (size before relaxing)
 .debug_str     0x000000000007cef2      0x2bf Drivers/STM32G0xx_HAL_Driver/Src/stm32g0xx_hal_dma.o
                                      0x74d28 (size before relaxing)
 .debug_str     0x000000000007d1b1      0x252 Drivers/STM32G0xx_HAL_Driver/Src/stm32g0xx_hal_gpio.o
                                      0x74ac1 (size before relaxing)
 .debug_str     0x000000000007d403      0x49f Drivers/STM32G0xx_HAL_Driver/Src/stm32g0xx_hal_rcc.o
                                      0x74e63 (size before relaxing)
 .debug_str     0x000000000007d8a2      0x896 Drivers/STM32G0xx_HAL_Driver/Src/stm32g0xx_hal_uart.o
                                      0x75646 (size before relaxing)
 .debug_str     0x000000000007e138      0x28d Drivers/STM32G0xx_HAL_Driver/Src/stm32g0xx_hal_uart_ex.o
                                      0x74f61 (size before relaxing)
 .debug_str     0x000000000007e3c5      0x553 Drivers/STM32G0xx_HAL_Driver/Src/stm32g0xx_ll_gpio.o
                                      0x75a81 (size before relaxing)
 .debug_str     0x000000000007e918      0x3fb Drivers/STM32G0xx_HAL_Driver/Src/stm32g0xx_ll_i2c.o
                                      0x76223 (size before relaxing)
 .debug_str     0x000000000007ed13     0x1001 Drivers/STM32G0xx_HAL_Driver/Src/stm32g0xx_ll_spi.o
                                      0x7707a (size before relaxing)
 .debug_str     0x000000000007fd14      0xc3c Drivers/STM32G0xx_HAL_Driver/Src/stm32g0xx_ll_utils.o
                                      0x767e0 (size before relaxing)

.comment        0x0000000000000000       0x7b
 .comment       0x0000000000000000       0x7b Core/Src/main.o
                                         0x7c (size before relaxing)
 .comment       0x000000000000007b       0x7c Core/Src/stm32g0xx_hal_msp.o
 .comment       0x000000000000007b       0x7c Core/Src/stm32g0xx_it.o
 .comment       0x000000000000007b       0x7c Core/Src/system_stm32g0xx.o
 .comment       0x000000000000007b       0x7c Drivers/STM32G0xx_HAL_Driver/Src/stm32g0xx_hal.o
 .comment       0x000000000000007b       0x7c Drivers/STM32G0xx_HAL_Driver/Src/stm32g0xx_hal_cortex.o
 .comment       0x000000000000007b       0x7c Drivers/STM32G0xx_HAL_Driver/Src/stm32g0xx_hal_dma.o
 .comment       0x000000000000007b       0x7c Drivers/STM32G0xx_HAL_Driver/Src/stm32g0xx_hal_gpio.o
 .comment       0x000000000000007b       0x7c Drivers/STM32G0xx_HAL_Driver/Src/stm32g0xx_hal_rcc.o
 .comment       0x000000000000007b       0x7c Drivers/STM32G0xx_HAL_Driver/Src/stm32g0xx_hal_uart.o
 .comment       0x000000000000007b       0x7c Drivers/STM32G0xx_HAL_Driver/Src/stm32g0xx_hal_uart_ex.o
 .comment       0x000000000000007b       0x7c Drivers/STM32G0xx_HAL_Driver/Src/stm32g0xx_ll_gpio.o
 .comment       0x000000000000007b       0x7c Drivers/STM32G0xx_HAL_Driver/Src/stm32g0xx_ll_i2c.o
 .comment       0x000000000000007b       0x7c Drivers/STM32G0xx_HAL_Driver/Src/stm32g0xx_ll_spi.o
 .comment       0x000000000000007b       0x7c Drivers/STM32G0xx_HAL_Driver/Src/stm32g0xx_ll_utils.o

.debug_frame    0x0000000000000000     0x234c
 .debug_frame   0x0000000000000000      0x3c4 Core/Src/main.o
 .debug_frame   0x00000000000003c4       0x70 Core/Src/stm32g0xx_hal_msp.o
 .debug_frame   0x0000000000000434       0xb8 Core/Src/stm32g0xx_it.o
 .debug_frame   0x00000000000004ec       0x4c Core/Src/system_stm32g0xx.o
 .debug_frame   0x0000000000000538      0x360 Drivers/STM32G0xx_HAL_Driver/Src/stm32g0xx_hal.o
 .debug_frame   0x0000000000000898      0x2fc Drivers/STM32G0xx_HAL_Driver/Src/stm32g0xx_hal_cortex.o
 .debug_frame   0x0000000000000b94      0x1f0 Drivers/STM32G0xx_HAL_Driver/Src/stm32g0xx_hal_dma.o
 .debug_frame   0x0000000000000d84      0x130 Drivers/STM32G0xx_HAL_Driver/Src/stm32g0xx_hal_gpio.o
 .debug_frame   0x0000000000000eb4      0x1f4 Drivers/STM32G0xx_HAL_Driver/Src/stm32g0xx_hal_rcc.o
 .debug_frame   0x00000000000010a8      0x810 Drivers/STM32G0xx_HAL_Driver/Src/stm32g0xx_hal_uart.o
 .debug_frame   0x00000000000018b8      0x1d4 Drivers/STM32G0xx_HAL_Driver/Src/stm32g0xx_hal_uart_ex.o
 .debug_frame   0x0000000000001a8c      0x170 Drivers/STM32G0xx_HAL_Driver/Src/stm32g0xx_ll_gpio.o
 .debug_frame   0x0000000000001bfc      0x1d0 Drivers/STM32G0xx_HAL_Driver/Src/stm32g0xx_ll_i2c.o
 .debug_frame   0x0000000000001dcc      0x1d0 Drivers/STM32G0xx_HAL_Driver/Src/stm32g0xx_ll_spi.o
 .debug_frame   0x0000000000001f9c      0x324 Drivers/STM32G0xx_HAL_Driver/Src/stm32g0xx_ll_utils.o
 .debug_frame   0x00000000000022c0       0x2c c:/st/stm32cubeide_1.3.0/stm32cubeide/plugins/com.st.stm32cube.ide.mcu.externaltools.gnu-tools-for-stm32.7-2018-q2-update.win32_1.0.0.201904181610/tools/bin/../lib/gcc/arm-none-eabi/7.3.1/../../../../arm-none-eabi/lib/thumb/v6-m\libc_nano.a(lib_a-init.o)
 .debug_frame   0x00000000000022ec       0x20 c:/st/stm32cubeide_1.3.0/stm32cubeide/plugins/com.st.stm32cube.ide.mcu.externaltools.gnu-tools-for-stm32.7-2018-q2-update.win32_1.0.0.201904181610/tools/bin/../lib/gcc/arm-none-eabi/7.3.1/../../../../arm-none-eabi/lib/thumb/v6-m\libc_nano.a(lib_a-memset.o)
 .debug_frame   0x000000000000230c       0x20 c:/st/stm32cubeide_1.3.0/stm32cubeide/plugins/com.st.stm32cube.ide.mcu.externaltools.gnu-tools-for-stm32.7-2018-q2-update.win32_1.0.0.201904181610/tools/bin/../lib/gcc/arm-none-eabi/7.3.1/thumb/v6-m\libgcc.a(_udivsi3.o)
 .debug_frame   0x000000000000232c       0x20 c:/st/stm32cubeide_1.3.0/stm32cubeide/plugins/com.st.stm32cube.ide.mcu.externaltools.gnu-tools-for-stm32.7-2018-q2-update.win32_1.0.0.201904181610/tools/bin/../lib/gcc/arm-none-eabi/7.3.1/thumb/v6-m\libgcc.a(_divsi3.o)
