Archive member included to satisfy reference by file (symbol)

c:/st/stm32cubeide_1.3.0/stm32cubeide/plugins/com.st.stm32cube.ide.mcu.externaltools.gnu-tools-for-stm32.7-2018-q2-update.win32_1.0.0.201904181610/tools/bin/../lib/gcc/arm-none-eabi/7.3.1/../../../../arm-none-eabi/lib/thumb/v6-m\libc_nano.a(lib_a-exit.o)
                              c:/st/stm32cubeide_1.3.0/stm32cubeide/plugins/com.st.stm32cube.ide.mcu.externaltools.gnu-tools-for-stm32.7-2018-q2-update.win32_1.0.0.201904181610/tools/bin/../lib/gcc/arm-none-eabi/7.3.1/../../../../arm-none-eabi/lib/thumb/v6-m/crt0.o (exit)
c:/st/stm32cubeide_1.3.0/stm32cubeide/plugins/com.st.stm32cube.ide.mcu.externaltools.gnu-tools-for-stm32.7-2018-q2-update.win32_1.0.0.201904181610/tools/bin/../lib/gcc/arm-none-eabi/7.3.1/../../../../arm-none-eabi/lib/thumb/v6-m\libc_nano.a(lib_a-impure.o)
                              c:/st/stm32cubeide_1.3.0/stm32cubeide/plugins/com.st.stm32cube.ide.mcu.externaltools.gnu-tools-for-stm32.7-2018-q2-update.win32_1.0.0.201904181610/tools/bin/../lib/gcc/arm-none-eabi/7.3.1/../../../../arm-none-eabi/lib/thumb/v6-m\libc_nano.a(lib_a-exit.o) (_global_impure_ptr)
c:/st/stm32cubeide_1.3.0/stm32cubeide/plugins/com.st.stm32cube.ide.mcu.externaltools.gnu-tools-for-stm32.7-2018-q2-update.win32_1.0.0.201904181610/tools/bin/../lib/gcc/arm-none-eabi/7.3.1/../../../../arm-none-eabi/lib/thumb/v6-m\libc_nano.a(lib_a-init.o)
                              c:/st/stm32cubeide_1.3.0/stm32cubeide/plugins/com.st.stm32cube.ide.mcu.externaltools.gnu-tools-for-stm32.7-2018-q2-update.win32_1.0.0.201904181610/tools/bin/../lib/gcc/arm-none-eabi/7.3.1/../../../../arm-none-eabi/lib/thumb/v6-m/crt0.o (__libc_init_array)
c:/st/stm32cubeide_1.3.0/stm32cubeide/plugins/com.st.stm32cube.ide.mcu.externaltools.gnu-tools-for-stm32.7-2018-q2-update.win32_1.0.0.201904181610/tools/bin/../lib/gcc/arm-none-eabi/7.3.1/../../../../arm-none-eabi/lib/thumb/v6-m\libc_nano.a(lib_a-memset.o)
                              c:/st/stm32cubeide_1.3.0/stm32cubeide/plugins/com.st.stm32cube.ide.mcu.externaltools.gnu-tools-for-stm32.7-2018-q2-update.win32_1.0.0.201904181610/tools/bin/../lib/gcc/arm-none-eabi/7.3.1/../../../../arm-none-eabi/lib/thumb/v6-m/crt0.o (memset)
c:/st/stm32cubeide_1.3.0/stm32cubeide/plugins/com.st.stm32cube.ide.mcu.externaltools.gnu-tools-for-stm32.7-2018-q2-update.win32_1.0.0.201904181610/tools/bin/../lib/gcc/arm-none-eabi/7.3.1/../../../../arm-none-eabi/lib/thumb/v6-m\libm.a(lib_a-w_acos.o)
                              Core/Src/mpu6050.o (acos)
c:/st/stm32cubeide_1.3.0/stm32cubeide/plugins/com.st.stm32cube.ide.mcu.externaltools.gnu-tools-for-stm32.7-2018-q2-update.win32_1.0.0.201904181610/tools/bin/../lib/gcc/arm-none-eabi/7.3.1/../../../../arm-none-eabi/lib/thumb/v6-m\libm.a(lib_a-e_acos.o)
                              c:/st/stm32cubeide_1.3.0/stm32cubeide/plugins/com.st.stm32cube.ide.mcu.externaltools.gnu-tools-for-stm32.7-2018-q2-update.win32_1.0.0.201904181610/tools/bin/../lib/gcc/arm-none-eabi/7.3.1/../../../../arm-none-eabi/lib/thumb/v6-m\libm.a(lib_a-w_acos.o) (__ieee754_acos)
c:/st/stm32cubeide_1.3.0/stm32cubeide/plugins/com.st.stm32cube.ide.mcu.externaltools.gnu-tools-for-stm32.7-2018-q2-update.win32_1.0.0.201904181610/tools/bin/../lib/gcc/arm-none-eabi/7.3.1/../../../../arm-none-eabi/lib/thumb/v6-m\libm.a(lib_a-e_sqrt.o)
                              c:/st/stm32cubeide_1.3.0/stm32cubeide/plugins/com.st.stm32cube.ide.mcu.externaltools.gnu-tools-for-stm32.7-2018-q2-update.win32_1.0.0.201904181610/tools/bin/../lib/gcc/arm-none-eabi/7.3.1/../../../../arm-none-eabi/lib/thumb/v6-m\libm.a(lib_a-e_acos.o) (__ieee754_sqrt)
c:/st/stm32cubeide_1.3.0/stm32cubeide/plugins/com.st.stm32cube.ide.mcu.externaltools.gnu-tools-for-stm32.7-2018-q2-update.win32_1.0.0.201904181610/tools/bin/../lib/gcc/arm-none-eabi/7.3.1/../../../../arm-none-eabi/lib/thumb/v6-m\libm.a(lib_a-s_fabs.o)
                              c:/st/stm32cubeide_1.3.0/stm32cubeide/plugins/com.st.stm32cube.ide.mcu.externaltools.gnu-tools-for-stm32.7-2018-q2-update.win32_1.0.0.201904181610/tools/bin/../lib/gcc/arm-none-eabi/7.3.1/../../../../arm-none-eabi/lib/thumb/v6-m\libm.a(lib_a-w_acos.o) (fabs)
c:/st/stm32cubeide_1.3.0/stm32cubeide/plugins/com.st.stm32cube.ide.mcu.externaltools.gnu-tools-for-stm32.7-2018-q2-update.win32_1.0.0.201904181610/tools/bin/../lib/gcc/arm-none-eabi/7.3.1/../../../../arm-none-eabi/lib/thumb/v6-m\libm.a(lib_a-s_lib_ver.o)
                              c:/st/stm32cubeide_1.3.0/stm32cubeide/plugins/com.st.stm32cube.ide.mcu.externaltools.gnu-tools-for-stm32.7-2018-q2-update.win32_1.0.0.201904181610/tools/bin/../lib/gcc/arm-none-eabi/7.3.1/../../../../arm-none-eabi/lib/thumb/v6-m\libm.a(lib_a-w_acos.o) (__fdlib_version)
c:/st/stm32cubeide_1.3.0/stm32cubeide/plugins/com.st.stm32cube.ide.mcu.externaltools.gnu-tools-for-stm32.7-2018-q2-update.win32_1.0.0.201904181610/tools/bin/../lib/gcc/arm-none-eabi/7.3.1/../../../../arm-none-eabi/lib/thumb/v6-m\libm.a(lib_a-s_matherr.o)
[...]
Memory Configuration

Name             Origin             Length             Attributes
RAM              0x0000000020000000 0x0000000000002000 xrw
FLASH            0x0000000008000000 0x0000000000010000 xr
*default*        0x0000000000000000 0xffffffffffffffff

Linker script and memory map

LOAD c:/st/stm32cubeide_1.3.0/stm32cubeide/plugins/com.st.stm32cube.ide.mcu.externaltools.gnu-tools-for-stm32.7-2018-q2-update.win32_1.0.0.201904181610/tools/bin/../lib/gcc/arm-none-eabi/7.3.1/thumb/v6-m/crti.o
LOAD c:/st/stm32cubeide_1.3.0/stm32cubeide/plugins/com.st.stm32cube.ide.mcu.externaltools.gnu-tools-for-stm32.7-2018-q2-update.win32_1.0.0.201904181610/tools/bin/../lib/gcc/arm-none-eabi/7.3.1/thumb/v6-m/crtbegin.o
LOAD c:/st/stm32cubeide_1.3.0/stm32cubeide/plugins/com.st.stm32cube.ide.mcu.externaltools.gnu-tools-for-stm32.7-2018-q2-update.win32_1.0.0.201904181610/tools/bin/../lib/gcc/arm-none-eabi/7.3.1/../../../../arm-none-eabi/lib/thumb/v6-m/crt0.o
LOAD Core/Src/iic.o
LOAD Core/Src/main.o
LOAD Core/Src/mpu6050.o
LOAD Core/Src/oled.o
LOAD Core/Src/rgb.o
LOAD Core/Src/spi.o
LOAD Core/Src/stm32g0xx_it.o
LOAD Core/Src/system_stm32g0xx.o
LOAD Core/Src/tim.o
LOAD Core/Src/uart.o
LOAD Core/Src/ws2812.o
LOAD Core/Startup/startup_stm32g030c8tx.o
LOAD Drivers/STM32G0xx_HAL_Driver/Src/stm32g0xx_ll_adc.o
LOAD Drivers/STM32G0xx_HAL_Driver/Src/stm32g0xx_ll_comp.o
LOAD Drivers/STM32G0xx_HAL_Driver/Src/stm32g0xx_ll_crc.o
LOAD Drivers/STM32G0xx_HAL_Driver/Src/stm32g0xx_ll_dac.o
LOAD Drivers/STM32G0xx_HAL_Driver/Src/stm32g0xx_ll_dma.o
LOAD Drivers/STM32G0xx_HAL_Driver/Src/stm32g0xx_ll_exti.o
LOAD Drivers/STM32G0xx_HAL_Driver/Src/stm32g0xx_ll_gpio.o
LOAD Drivers/STM32G0xx_HAL_Driver/Src/stm32g0xx_ll_i2c.o
LOAD Drivers/STM32G0xx_HAL_Driver/Src/stm32g0xx_ll_lptim.o
LOAD Drivers/STM32G0xx_HAL_Driver/Src/stm32g0xx_ll_lpuart.o
LOAD Drivers/STM32G0xx_HAL_Driver/Src/stm32g0xx_ll_pwr.o
LOAD Drivers/STM32G0xx_HAL_Driver/Src/stm32g0xx_ll_rcc.o
LOAD Drivers/STM32G0xx_HAL_Driver/Src/stm32g0xx_ll_rng.o
LOAD Drivers/STM32G0xx_HAL_Driver/Src/stm32g0xx_ll_rtc.o
LOAD Drivers/STM32G0xx_HAL_Driver/Src/stm32g0xx_ll_spi.o
LOAD Drivers/STM32G0xx_HAL_Driver/Src/stm32g0xx_ll_tim.o
LOAD Drivers/STM32G0xx_HAL_Driver/Src/stm32g0xx_ll_ucpd.o
LOAD Drivers/STM32G0xx_HAL_Driver/Src/stm32g0xx_ll_usart.o
LOAD Drivers/STM32G0xx_HAL_Driver/Src/stm32g0xx_ll_utils.o
START GROUP
LOAD c:/st/stm32cubeide_1.3.0/stm32cubeide/plugins/com.st.stm32cube.ide.mcu.externaltools.gnu-tools-for-stm32.7-2018-q2-update.win32_1.0.0.201904181610/tools/bin/../lib/gcc/arm-none-eabi/7.3.1/../../../../arm-none-eabi/lib/thumb/v6-m\libc_nano.a
LOAD c:/st/stm32cubeide_1.3.0/stm32cubeide/plugins/com.st.stm32cube.ide.mcu.externaltools.gnu-tools-for-stm32.7-2018-q2-update.win32_1.0.0.201904181610/tools/bin/../lib/gcc/arm-none-eabi/7.3.1/../../../../arm-none-eabi/lib/thumb/v6-m\libm.a
END GROUP
START GROUP
LOAD c:/st/stm32cubeide_1.3.0/stm32cubeide/plugins/com.st.stm32cube.ide.mcu.externaltools.gnu-tools-for-stm32.7-2018-q2-update.win32_1.0.0.201904181610/tools/bin/../lib/gcc/arm-none-eabi/7.3.1/thumb/v6-m\libgcc.a
LOAD c:/st/stm32cubeide_1.3.0/stm32cubeide/plugins/com.st.stm32cube.ide.mcu.externaltools.gnu-tools-for-stm32.7-2018-q2-update.win32_1.0.0.201904181610/tools/bin/../lib/gcc/arm-none-eabi/7.3.1/../../../../arm-none-eabi/lib/thumb/v6-m\libc_nano.a
END GROUP
START GROUP
LOAD c:/st/stm32cubeide_1.3.0/stm32cubeide/plugins/com.st.stm32cube.ide.mcu.externaltools.gnu-tools-for-stm32.7-2018-q2-update.win32_1.0.0.201904181610/tools/bin/../lib/gcc/arm-none-eabi/7.3.1/thumb/v6-m\libgcc.a
LOAD c:/st/stm32cubeide_1.3.0/stm32cubeide/plugins/com.st.stm32cube.ide.mcu.externaltools.gnu-tools-for-stm32.7-2018-q2-update.win32_1.0.0.201904181610/tools/bin/../lib/gcc/arm-none-eabi/7.3.1/../../../../arm-none-eabi/lib/thumb/v6-m\libc_nano.a
LOAD c:/st/stm32cubeide_1.3.0/stm32cubeide/plugins/com.st.stm32cube.ide.mcu.externaltools.gnu-tools-for-stm32.7-2018-q2-update.win32_1.0.0.201904181610/tools/bin/../lib/gcc/arm-none-eabi/7.3.1/../../../../arm-none-eabi/lib/thumb/v6-m\libnosys.a
END GROUP
START GROUP
LOAD c:/st/stm32cubeide_1.3.0/stm32cubeide/plugins/com.st.stm32cube.ide.mcu.externaltools.gnu-tools-for-stm32.7-2018-q2-update.win32_1.0.0.201904181610/tools/bin/../lib/gcc/arm-none-eabi/7.3.1/thumb/v6-m\libgcc.a
LOAD c:/st/stm32cubeide_1.3.0/stm32cubeide/plugins/com.st.stm32cube.ide.mcu.externaltools.gnu-tools-for-stm32.7-2018-q2-update.win32_1.0.0.201904181610/tools/bin/../lib/gcc/arm-none-eabi/7.3.1/../../../../arm-none-eabi/lib/thumb/v6-m\libc_nano.a
LOAD c:/st/stm32cubeide_1.3.0/stm32cubeide/plugins/com.st.stm32cube.ide.mcu.externaltools.gnu-tools-for-stm32.7-2018-q2-update.win32_1.0.0.201904181610/tools/bin/../lib/gcc/arm-none-eabi/7.3.1/../../../../arm-none-eabi/lib/thumb/v6-m\libnosys.a
END GROUP
LOAD c:/st/stm32cubeide_1.3.0/stm32cubeide/plugins/com.st.stm32cube.ide.mcu.externaltools.gnu-tools-for-stm32.7-2018-q2-update.win32_1.0.0.201904181610/tools/bin/../lib/gcc/arm-none-eabi/7.3.1/thumb/v6-m/crtend.o
LOAD c:/st/stm32cubeide_1.3.0/stm32cubeide/plugins/com.st.stm32cube.ide.mcu.externaltools.gnu-tools-for-stm32.7-2018-q2-update.win32_1.0.0.201904181610/tools/bin/../lib/gcc/arm-none-eabi/7.3.1/thumb/v6-m/crtn.o
                0x0000000020002000                _estack = (ORIGIN (RAM) + LENGTH (RAM))
                0x0000000000000200                _Min_Heap_Size = 0x200
                0x0000000000000400                _Min_Stack_Size = 0x400

.isr_vector     0x0000000008000000       0xb8
                0x0000000008000000                . = ALIGN (0x4)
 *(.isr_vector)
 .isr_vector    0x0000000008000000       0xb8 Core/Startup/startup_stm32g030c8tx.o
                0x0000000008000000                g_pfnVectors
                0x00000000080000b8                . = ALIGN (0x4)

.text           0x00000000080000b8     0x30fc
                0x00000000080000b8                . = ALIGN (0x4)
 *(.text)
 .text          0x00000000080000b8       0x48 c:/st/stm32cubeide_1.3.0/stm32cubeide/plugins/com.st.stm32cube.ide.mcu.externaltools.gnu-tools-for-stm32.7-2018-q2-update.win32_1.0.0.201904181610/tools/bin/../lib/gcc/arm-none-eabi/7.3.1/thumb/v6-m/crtbegin.o
 .text          0x0000000008000100      0x114 c:/st/stm32cubeide_1.3.0/stm32cubeide/plugins/com.st.stm32cube.ide.mcu.externaltools.gnu-tools-for-stm32.7-2018-q2-update.win32_1.0.0.201904181610/tools/bin/../lib/gcc/arm-none-eabi/7.3.1/thumb/v6-m\libgcc.a(_udivsi3.o)
                0x0000000008000100                __aeabi_uidiv
                0x0000000008000100                __udivsi3
                0x000000000800020c                __aeabi_uidivmod
 .text          0x0000000008000214        0x4 c:/st/stm32cubeide_1.3.0/stm32cubeide/plugins/com.st.stm32cube.ide.mcu.externaltools.gnu-tools-for-stm32.7-2018-q2-update.win32_1.0.0.201904181610/tools/bin/../lib/gcc/arm-none-eabi/7.3.1/thumb/v6-m\libgcc.a(_dvmd_tls.o)
                0x0000000008000214                __aeabi_idiv0
                0x0000000008000214                __aeabi_ldiv0
 *(.text*)
 .text.LL_RCC_HSI_Enable
                0x0000000008000218       0x1c Core/Src/main.o
 .text.LL_RCC_HSI_IsReady
                0x0000000008000234       0x28 Core/Src/main.o
 .text.LL_RCC_SetSysClkSource
                0x000000000800025c       0x28 Core/Src/main.o
 .text.LL_RCC_GetSysClkSource
                0x0000000008000284       0x18 Core/Src/main.o
 .text.LL_RCC_SetAHBPrescaler
                0x000000000800029c       0x2c Core/Src/main.o
 .text.LL_RCC_SetAPB1Prescaler
                0x00000000080002c8       0x2c Core/Src/main.o
 .text.LL_RCC_SetUSARTClockSource
                0x00000000080002f4       0x30 Core/Src/main.o
 .text.LL_RCC_PLL_Enable
                0x0000000008000324       0x1c Core/Src/main.o
 .text.LL_RCC_PLL_IsReady
                0x0000000008000340       0x28 Core/Src/main.o
 .text.LL_RCC_PLL_ConfigDomain_SYS
                0x0000000008000368       0x40 Core/Src/main.o
 .text.LL_RCC_PLL_EnableDomain_SYS
                0x00000000080003a8       0x1c Core/Src/main.o
 .text.LL_APB1_GRP1_EnableClock
                0x00000000080003c4       0x2c Core/Src/main.o
 .text.LL_APB2_GRP1_EnableClock
                0x00000000080003f0       0x2c Core/Src/main.o
 .text.LL_FLASH_SetLatency
                0x000000000800041c       0x28 Core/Src/main.o
 .text.main     0x0000000008000444        0xa Core/Src/main.o
                0x0000000008000444                main
 *fill*         0x000000000800044e        0x2 
 .text.System_Init
                0x0000000008000450       0x50 Core/Src/main.o
                0x0000000008000450                System_Init
 .text.SystemClock_Config
                0x00000000080004a0       0x80 Core/Src/main.o
                0x00000000080004a0                SystemClock_Config
 .text.__NVIC_EnableIRQ
                0x0000000008000520       0x34 Core/Src/oled.o
 .text.__NVIC_SetPriority
                0x0000000008000554       0xdc Core/Src/oled.o
 .text.LL_AHB1_GRP1_EnableClock
                0x0000000008000630       0x2c Core/Src/oled.o
 .text.LL_IOP_GRP1_EnableClock
                0x000000000800065c       0x2c Core/Src/oled.o
 .text.LL_DMA_EnableChannel
                0x0000000008000688       0x40 Core/Src/oled.o
 .text.LL_DMA_DisableChannel
                0x00000000080006c8       0x40 Core/Src/oled.o
 .text.LL_DMA_SetDataTransferDirection
                0x0000000008000708       0x4c Core/Src/oled.o
 .text.LL_DMA_SetMode
                0x0000000008000754       0x48 Core/Src/oled.o
 .text.LL_DMA_SetPeriphIncMode
                0x000000000800079c       0x48 Core/Src/oled.o
 .text.LL_DMA_SetMemoryIncMode
                0x00000000080007e4       0x48 Core/Src/oled.o
 .text.LL_DMA_SetPeriphSize
                0x000000000800082c       0x4c Core/Src/oled.o
 .text.LL_DMA_SetMemorySize
                0x0000000008000878       0x4c Core/Src/oled.o
 .text.LL_DMA_SetChannelPriorityLevel
                0x00000000080008c4       0x4c Core/Src/oled.o
 .text.LL_DMA_SetDataLength
                0x0000000008000910       0x44 Core/Src/oled.o
 .text.LL_DMA_SetMemoryAddress
                0x0000000008000954       0x30 Core/Src/oled.o
 .text.LL_DMA_SetPeriphAddress
                0x0000000008000984       0x30 Core/Src/oled.o
 .text.LL_DMA_SetPeriphRequest
                0x00000000080009b4       0x3c Core/Src/oled.o
 .text.LL_DMA_ClearFlag_TC1
                0x00000000080009f0       0x16 Core/Src/oled.o
 *fill*         0x0000000008000a06        0x2 
 .text.LL_DMA_EnableIT_TC
                0x0000000008000a08       0x40 Core/Src/oled.o
 .text.LL_GPIO_SetOutputPin
                0x0000000008000a48       0x18 Core/Src/oled.o
 .text.LL_GPIO_ResetOutputPin
                0x0000000008000a60       0x18 Core/Src/oled.o
 .text.LL_SPI_TransmitData8
                0x0000000008000a78       0x24 Core/Src/oled.o
 .text.OLED_SignalMode
                0x0000000008000a9c       0x36 Core/Src/oled.o
                0x0000000008000a9c                OLED_SignalMode
 .text.OLED_CS  0x0000000008000ad2       0x36 Core/Src/oled.o
                0x0000000008000ad2                OLED_CS
 .text.OLED_RESET
                0x0000000008000b08       0x2e Core/Src/oled.o
                0x0000000008000b08                OLED_RESET
 *fill*         0x0000000008000b36        0x2 
 .text.OLED_Init
                0x0000000008000b38      0x13c Core/Src/oled.o
                0x0000000008000b38                OLED_Init
 .text.OLED_PointerReset
                0x0000000008000c74       0x38 Core/Src/oled.o
                0x0000000008000c74                OLED_PointerReset
 .text.OLED_SCANALL
                0x0000000008000cac       0x48 Core/Src/oled.o
                0x0000000008000cac                OLED_SCANALL
 .text.DMA1_Channel1_IRQHandler
                0x0000000008000cf4       0x30 Core/Src/oled.o
                0x0000000008000cf4                DMA1_Channel1_IRQHandler
 .text.OLED_DMA_Init
                0x0000000008000d24       0xbc Core/Src/oled.o
                0x0000000008000d24                OLED_DMA_Init
 .text.OLED_GPIO_Init
                0x0000000008000de0       0xca Core/Src/oled.o
                0x0000000008000de0                OLED_GPIO_Init
 .text.LL_TIM_OC_SetCompareCH2
                0x0000000008000eaa       0x18 Core/Src/rgb.o
 .text.LL_TIM_OC_SetCompareCH3
                0x0000000008000ec2       0x18 Core/Src/rgb.o
 .text.LL_TIM_OC_SetCompareCH4
                0x0000000008000eda       0x18 Core/Src/rgb.o
 *fill*         0x0000000008000ef2        0x2 
 .text.HUE2RGB  0x0000000008000ef4       0xe0 Core/Src/rgb.o
                0x0000000008000ef4                HUE2RGB
 .text.LL_APB1_GRP1_EnableClock
                0x0000000008000fd4       0x2c Core/Src/spi.o
 .text.LL_IOP_GRP1_EnableClock
                0x0000000008001000       0x2c Core/Src/spi.o
 .text.LL_SPI_Enable
                0x000000000800102c       0x1c Core/Src/spi.o
 .text.LL_SPI_SetStandard
                0x0000000008001048       0x24 Core/Src/spi.o
 .text.LL_SPI_DisableNSSPulseMgt
                0x000000000800106c       0x1e Core/Src/spi.o
 .text.LL_SPI_EnableDMAReq_TX
                0x000000000800108a       0x1c Core/Src/spi.o
 *fill*         0x00000000080010a6        0x2 
 .text.SPI2_Init
                0x00000000080010a8      0x128 Core/Src/spi.o
                0x00000000080010a8                SPI2_Init
 .text.NMI_Handler
                0x00000000080011d0        0xa Core/Src/stm32g0xx_it.o
                0x00000000080011d0                NMI_Handler
 .text.HardFault_Handler
                0x00000000080011da        0x6 Core/Src/stm32g0xx_it.o
                0x00000000080011da                HardFault_Handler
 .text.SVC_Handler
                0x00000000080011e0        0xa Core/Src/stm32g0xx_it.o
                0x00000000080011e0                SVC_Handler
 .text.PendSV_Handler
                0x00000000080011ea        0xa Core/Src/stm32g0xx_it.o
                0x00000000080011ea                PendSV_Handler
 .text.SysTick_Handler
                0x00000000080011f4        0xa Core/Src/stm32g0xx_it.o
                0x00000000080011f4                SysTick_Handler
 *fill*         0x00000000080011fe        0x2 
 .text.SystemInit
                0x0000000008001200       0x18 Core/Src/system_stm32g0xx.o
                0x0000000008001200                SystemInit
 .text.__NVIC_EnableIRQ
                0x0000000008001218       0x34 Core/Src/tim.o
 .text.__NVIC_SetPriority
                0x000000000800124c       0xdc Core/Src/tim.o
 .text.LL_APB1_GRP1_EnableClock
                0x0000000008001328       0x2c Core/Src/tim.o
 .text.LL_IOP_GRP1_EnableClock
                0x0000000008001354       0x2c Core/Src/tim.o
 .text.LL_TIM_EnableCounter
                0x0000000008001380       0x1c Core/Src/tim.o
 .text.LL_TIM_EnableARRPreload
                0x000000000800139c       0x1c Core/Src/tim.o
 .text.LL_TIM_OC_DisableFast
                0x00000000080013b8       0xa4 Core/Src/tim.o
 .text.LL_TIM_OC_EnablePreload
                0x000000000800145c       0xa0 Core/Src/tim.o
 .text.LL_TIM_SetClockSource
                0x00000000080014fc       0x28 Core/Src/tim.o
 .text.LL_TIM_SetTriggerOutput
                0x0000000008001524       0x24 Core/Src/tim.o
 .text.LL_TIM_DisableMasterSlaveMode
                0x0000000008001548       0x1e Core/Src/tim.o
 .text.LL_TIM_EnableAllOutputs
                0x0000000008001566       0x1e Core/Src/tim.o
 .text.LL_TIM_ClearFlag_UPDATE
                0x0000000008001584       0x18 Core/Src/tim.o
 .text.LL_TIM_EnableIT_UPDATE
                0x000000000800159c       0x1c Core/Src/tim.o
 .text.TIM3_Init
                0x00000000080015b8      0x1ec Core/Src/tim.o
                0x00000000080015b8                TIM3_Init
 .text.TIM3_IRQHandler
                0x00000000080017a4       0x6c Core/Src/tim.o
                0x00000000080017a4                TIM3_IRQHandler
 .text.__NVIC_EnableIRQ
                0x0000000008001810       0x34 Core/Src/uart.o
 .text.__NVIC_SetPriority
                0x0000000008001844       0xdc Core/Src/uart.o
 .text.LL_AHB1_GRP1_EnableClock
                0x0000000008001920       0x2c Core/Src/uart.o
 .text.LL_APB2_GRP1_EnableClock
                0x000000000800194c       0x2c Core/Src/uart.o
 .text.LL_IOP_GRP1_EnableClock
                0x0000000008001978       0x2c Core/Src/uart.o
 .text.LL_DMA_EnableChannel
                0x00000000080019a4       0x40 Core/Src/uart.o
 .text.LL_DMA_SetDataTransferDirection
                0x00000000080019e4       0x4c Core/Src/uart.o
 .text.LL_DMA_SetMode
                0x0000000008001a30       0x48 Core/Src/uart.o
 .text.LL_DMA_SetPeriphIncMode
                0x0000000008001a78       0x48 Core/Src/uart.o
 .text.LL_DMA_SetMemoryIncMode
                0x0000000008001ac0       0x48 Core/Src/uart.o
 .text.LL_DMA_SetPeriphSize
                0x0000000008001b08       0x4c Core/Src/uart.o
 .text.LL_DMA_SetMemorySize
                0x0000000008001b54       0x4c Core/Src/uart.o
 .text.LL_DMA_SetChannelPriorityLevel
                0x0000000008001ba0       0x4c Core/Src/uart.o
 .text.LL_DMA_SetDataLength
                0x0000000008001bec       0x44 Core/Src/uart.o
 .text.LL_DMA_SetMemoryAddress
                0x0000000008001c30       0x30 Core/Src/uart.o
 .text.LL_DMA_SetPeriphAddress
                0x0000000008001c60       0x30 Core/Src/uart.o
 .text.LL_DMA_SetPeriphRequest
                0x0000000008001c90       0x3c Core/Src/uart.o
 .text.LL_DMA_ClearFlag_TC2
                0x0000000008001ccc       0x16 Core/Src/uart.o
 *fill*         0x0000000008001ce2        0x2 
 .text.LL_DMA_EnableIT_TC
                0x0000000008001ce4       0x40 Core/Src/uart.o
 .text.LL_USART_Enable
                0x0000000008001d24       0x1c Core/Src/uart.o
 .text.LL_USART_ConfigAsyncMode
                0x0000000008001d40       0x30 Core/Src/uart.o
 .text.LL_USART_EnableDMAReq_RX
                0x0000000008001d70       0x1c Core/Src/uart.o
 .text.LL_USART_TransmitData8
                0x0000000008001d8c       0x1e Core/Src/uart.o
 *fill*         0x0000000008001daa        0x2 
 .text.UART1_Init
                0x0000000008001dac      0x100 Core/Src/uart.o
                0x0000000008001dac                UART1_Init
 .text.UART1_DMA_TXRX_Init
                0x0000000008001eac       0xbc Core/Src/uart.o
                0x0000000008001eac                UART1_DMA_TXRX_Init
 .text.UART1_DMA_ReadStart
                0x0000000008001f68       0x28 Core/Src/uart.o
                0x0000000008001f68                UART1_DMA_ReadStart
 .text.DMA1_Channel2_3_IRQHandler
                0x0000000008001f90       0x28 Core/Src/uart.o
                0x0000000008001f90                DMA1_Channel2_3_IRQHandler
 .text.Reset_Handler
                0x0000000008001fb8       0x50 Core/Startup/startup_stm32g030c8tx.o
                0x0000000008001fb8                Reset_Handler
 .text.Default_Handler
                0x0000000008002008        0x2 Core/Startup/startup_stm32g030c8tx.o
                0x0000000008002008                TIM1_CC_IRQHandler
                0x0000000008002008                I2C1_IRQHandler
                0x0000000008002008                RTC_TAMP_IRQHandler
                0x0000000008002008                SPI1_IRQHandler
                0x0000000008002008                DMA1_Ch4_5_DMAMUX1_OVR_IRQHandler
                0x0000000008002008                EXTI2_3_IRQHandler
                0x0000000008002008                ADC1_IRQHandler
                0x0000000008002008                I2C2_IRQHandler
                0x0000000008002008                TIM17_IRQHandler
                0x0000000008002008                TIM16_IRQHandler
                0x0000000008002008                EXTI4_15_IRQHandler
                0x0000000008002008                RCC_IRQHandler
                0x0000000008002008                Default_Handler
                0x0000000008002008                TIM14_IRQHandler
                0x0000000008002008                EXTI0_1_IRQHandler
                0x0000000008002008                SPI2_IRQHandler
                0x0000000008002008                WWDG_IRQHandler
                0x0000000008002008                USART2_IRQHandler
                0x0000000008002008                FLASH_IRQHandler
                0x0000000008002008                USART1_IRQHandler
                0x0000000008002008                TIM1_BRK_UP_TRG_COM_IRQHandler
 .text.LL_GPIO_SetPinMode
                0x000000000800200a       0x3a Drivers/STM32G0xx_HAL_Driver/Src/stm32g0xx_ll_gpio.o
 .text.LL_GPIO_SetPinOutputType
                0x0000000008002044       0x2a Drivers/STM32G0xx_HAL_Driver/Src/stm32g0xx_ll_gpio.o
 .text.LL_GPIO_SetPinSpeed
                0x000000000800206e       0x3a Drivers/STM32G0xx_HAL_Driver/Src/stm32g0xx_ll_gpio.o
 .text.LL_GPIO_SetPinPull
                0x00000000080020a8       0x3a Drivers/STM32G0xx_HAL_Driver/Src/stm32g0xx_ll_gpio.o
 .text.LL_GPIO_SetAFPin_0_7
                0x00000000080020e2       0x4a Drivers/STM32G0xx_HAL_Driver/Src/stm32g0xx_ll_gpio.o
 .text.LL_GPIO_SetAFPin_8_15
                0x000000000800212c       0x5a Drivers/STM32G0xx_HAL_Driver/Src/stm32g0xx_ll_gpio.o
 .text.LL_GPIO_Init
                0x0000000008002186       0xc8 Drivers/STM32G0xx_HAL_Driver/Src/stm32g0xx_ll_gpio.o
                0x0000000008002186                LL_GPIO_Init
 *fill*         0x000000000800224e        0x2 
 .text.LL_RCC_HSI_IsReady
                0x0000000008002250       0x28 Drivers/STM32G0xx_HAL_Driver/Src/stm32g0xx_ll_rcc.o
 .text.LL_RCC_LSE_IsReady
                0x0000000008002278       0x20 Drivers/STM32G0xx_HAL_Driver/Src/stm32g0xx_ll_rcc.o
 .text.LL_RCC_GetSysClkSource
                0x0000000008002298       0x18 Drivers/STM32G0xx_HAL_Driver/Src/stm32g0xx_ll_rcc.o
 .text.LL_RCC_GetAHBPrescaler
                0x00000000080022b0       0x18 Drivers/STM32G0xx_HAL_Driver/Src/stm32g0xx_ll_rcc.o
 .text.LL_RCC_GetAPB1Prescaler
                0x00000000080022c8       0x18 Drivers/STM32G0xx_HAL_Driver/Src/stm32g0xx_ll_rcc.o
 .text.LL_RCC_GetUSARTClockSource
                0x00000000080022e0       0x24 Drivers/STM32G0xx_HAL_Driver/Src/stm32g0xx_ll_rcc.o
 .text.LL_RCC_PLL_GetN
                0x0000000008002304       0x18 Drivers/STM32G0xx_HAL_Driver/Src/stm32g0xx_ll_rcc.o
 .text.LL_RCC_PLL_GetR
                0x000000000800231c       0x18 Drivers/STM32G0xx_HAL_Driver/Src/stm32g0xx_ll_rcc.o
 .text.LL_RCC_PLL_GetMainSource
                0x0000000008002334       0x18 Drivers/STM32G0xx_HAL_Driver/Src/stm32g0xx_ll_rcc.o
 .text.LL_RCC_PLL_GetDivider
                0x000000000800234c       0x18 Drivers/STM32G0xx_HAL_Driver/Src/stm32g0xx_ll_rcc.o
 .text.LL_RCC_GetSystemClocksFreq
                0x0000000008002364       0x3a Drivers/STM32G0xx_HAL_Driver/Src/stm32g0xx_ll_rcc.o
                0x0000000008002364                LL_RCC_GetSystemClocksFreq
 *fill*         0x000000000800239e        0x2 
 .text.LL_RCC_GetUSARTClockFreq
                0x00000000080023a0       0x98 Drivers/STM32G0xx_HAL_Driver/Src/stm32g0xx_ll_rcc.o
                0x00000000080023a0                LL_RCC_GetUSARTClockFreq
 .text.RCC_GetSystemClockFreq
                0x0000000008002438       0x5c Drivers/STM32G0xx_HAL_Driver/Src/stm32g0xx_ll_rcc.o
                0x0000000008002438                RCC_GetSystemClockFreq
 .text.RCC_GetHCLKClockFreq
                0x0000000008002494       0x30 Drivers/STM32G0xx_HAL_Driver/Src/stm32g0xx_ll_rcc.o
                0x0000000008002494                RCC_GetHCLKClockFreq
 .text.RCC_GetPCLK1ClockFreq
                0x00000000080024c4       0x2c Drivers/STM32G0xx_HAL_Driver/Src/stm32g0xx_ll_rcc.o
                0x00000000080024c4                RCC_GetPCLK1ClockFreq
 .text.RCC_PLL_GetFreqDomain_SYS
                0x00000000080024f0       0x74 Drivers/STM32G0xx_HAL_Driver/Src/stm32g0xx_ll_rcc.o
                0x00000000080024f0                RCC_PLL_GetFreqDomain_SYS
 .text.LL_SPI_IsEnabled
                0x0000000008002564       0x22 Drivers/STM32G0xx_HAL_Driver/Src/stm32g0xx_ll_spi.o
 .text.LL_SPI_SetCRCPolynomial
                0x0000000008002586       0x1c Drivers/STM32G0xx_HAL_Driver/Src/stm32g0xx_ll_spi.o
 *fill*         0x00000000080025a2        0x2 
 .text.LL_SPI_Init
                0x00000000080025a4       0xbc Drivers/STM32G0xx_HAL_Driver/Src/stm32g0xx_ll_spi.o
                0x00000000080025a4                LL_SPI_Init
 .text.LL_TIM_SetPrescaler
                0x0000000008002660       0x18 Drivers/STM32G0xx_HAL_Driver/Src/stm32g0xx_ll_tim.o
 .text.LL_TIM_SetAutoReload
                0x0000000008002678       0x18 Drivers/STM32G0xx_HAL_Driver/Src/stm32g0xx_ll_tim.o
 .text.LL_TIM_SetRepetitionCounter
                0x0000000008002690       0x18 Drivers/STM32G0xx_HAL_Driver/Src/stm32g0xx_ll_tim.o
 .text.LL_TIM_OC_SetCompareCH1
                0x00000000080026a8       0x18 Drivers/STM32G0xx_HAL_Driver/Src/stm32g0xx_ll_tim.o
 .text.LL_TIM_OC_SetCompareCH2
                0x00000000080026c0       0x18 Drivers/STM32G0xx_HAL_Driver/Src/stm32g0xx_ll_tim.o
 .text.LL_TIM_OC_SetCompareCH3
                0x00000000080026d8       0x18 Drivers/STM32G0xx_HAL_Driver/Src/stm32g0xx_ll_tim.o
 .text.LL_TIM_OC_SetCompareCH4
                0x00000000080026f0       0x18 Drivers/STM32G0xx_HAL_Driver/Src/stm32g0xx_ll_tim.o
 .text.LL_TIM_OC_SetCompareCH5
                0x0000000008002708       0x1c Drivers/STM32G0xx_HAL_Driver/Src/stm32g0xx_ll_tim.o
 .text.LL_TIM_OC_SetCompareCH6
                0x0000000008002724       0x18 Drivers/STM32G0xx_HAL_Driver/Src/stm32g0xx_ll_tim.o
 .text.LL_TIM_GenerateEvent_UPDATE
                0x000000000800273c       0x1c Drivers/STM32G0xx_HAL_Driver/Src/stm32g0xx_ll_tim.o
 .text.LL_TIM_Init
                0x0000000008002758       0xdc Drivers/STM32G0xx_HAL_Driver/Src/stm32g0xx_ll_tim.o
                0x0000000008002758                LL_TIM_Init
 .text.LL_TIM_OC_Init
                0x0000000008002834       0xdc Drivers/STM32G0xx_HAL_Driver/Src/stm32g0xx_ll_tim.o
                0x0000000008002834                LL_TIM_OC_Init
 .text.OC1Config
                0x0000000008002910       0xfc Drivers/STM32G0xx_HAL_Driver/Src/stm32g0xx_ll_tim.o
 .text.OC2Config
                0x0000000008002a0c      0x108 Drivers/STM32G0xx_HAL_Driver/Src/stm32g0xx_ll_tim.o
 .text.OC3Config
                0x0000000008002b14      0x108 Drivers/STM32G0xx_HAL_Driver/Src/stm32g0xx_ll_tim.o
 .text.OC4Config
                0x0000000008002c1c       0xd4 Drivers/STM32G0xx_HAL_Driver/Src/stm32g0xx_ll_tim.o
 .text.OC5Config
                0x0000000008002cf0       0xb8 Drivers/STM32G0xx_HAL_Driver/Src/stm32g0xx_ll_tim.o
 .text.OC6Config
                0x0000000008002da8       0xc0 Drivers/STM32G0xx_HAL_Driver/Src/stm32g0xx_ll_tim.o
 .text.LL_USART_IsEnabled
                0x0000000008002e68       0x22 Drivers/STM32G0xx_HAL_Driver/Src/stm32g0xx_ll_usart.o
 .text.LL_USART_SetPrescaler
                0x0000000008002e8a       0x24 Drivers/STM32G0xx_HAL_Driver/Src/stm32g0xx_ll_usart.o
 *fill*         0x0000000008002eae        0x2 
 .text.LL_USART_SetStopBitsLength
                0x0000000008002eb0       0x28 Drivers/STM32G0xx_HAL_Driver/Src/stm32g0xx_ll_usart.o
 .text.LL_USART_SetHWFlowCtrl
                0x0000000008002ed8       0x28 Drivers/STM32G0xx_HAL_Driver/Src/stm32g0xx_ll_usart.o
 .text.LL_USART_SetBaudRate
                0x0000000008002f00       0xa8 Drivers/STM32G0xx_HAL_Driver/Src/stm32g0xx_ll_usart.o
 .text.LL_USART_Init
                0x0000000008002fa8       0xe4 Drivers/STM32G0xx_HAL_Driver/Src/stm32g0xx_ll_usart.o
                0x0000000008002fa8                LL_USART_Init
 .text.LL_InitTick
                0x000000000800308c       0x34 Drivers/STM32G0xx_HAL_Driver/Src/stm32g0xx_ll_utils.o
 .text.LL_Init1msTick
                0x00000000080030c0       0x1e Drivers/STM32G0xx_HAL_Driver/Src/stm32g0xx_ll_utils.o
                0x00000000080030c0                LL_Init1msTick
 *fill*         0x00000000080030de        0x2 
 .text.LL_mDelay
                0x00000000080030e0       0x48 Drivers/STM32G0xx_HAL_Driver/Src/stm32g0xx_ll_utils.o
                0x00000000080030e0                LL_mDelay
 .text.LL_SetSystemCoreClock
                0x0000000008003128       0x1c Drivers/STM32G0xx_HAL_Driver/Src/stm32g0xx_ll_utils.o
                0x0000000008003128                LL_SetSystemCoreClock
 .text.__libc_init_array
                0x0000000008003144       0x48 c:/st/stm32cubeide_1.3.0/stm32cubeide/plugins/com.st.stm32cube.ide.mcu.externaltools.gnu-tools-for-stm32.7-2018-q2-update.win32_1.0.0.201904181610/tools/bin/../lib/gcc/arm-none-eabi/7.3.1/../../../../arm-none-eabi/lib/thumb/v6-m\libc_nano.a(lib_a-init.o)
                0x0000000008003144                __libc_init_array
 .text.memset   0x000000000800318c       0x10 c:/st/stm32cubeide_1.3.0/stm32cubeide/plugins/com.st.stm32cube.ide.mcu.externaltools.gnu-tools-for-stm32.7-2018-q2-update.win32_1.0.0.201904181610/tools/bin/../lib/gcc/arm-none-eabi/7.3.1/../../../../arm-none-eabi/lib/thumb/v6-m\libc_nano.a(lib_a-memset.o)
                0x000000000800318c                memset
 *(.glue_7)
 .glue_7        0x000000000800319c        0x0 linker stubs
 *(.glue_7t)
 .glue_7t       0x000000000800319c        0x0 linker stubs
 *(.eh_frame)
 .eh_frame      0x000000000800319c        0x0 c:/st/stm32cubeide_1.3.0/stm32cubeide/plugins/com.st.stm32cube.ide.mcu.externaltools.gnu-tools-for-stm32.7-2018-q2-update.win32_1.0.0.201904181610/tools/bin/../lib/gcc/arm-none-eabi/7.3.1/thumb/v6-m/crtbegin.o
 *(.init)
 .init          0x000000000800319c        0x4 c:/st/stm32cubeide_1.3.0/stm32cubeide/plugins/com.st.stm32cube.ide.mcu.externaltools.gnu-tools-for-stm32.7-2018-q2-update.win32_1.0.0.201904181610/tools/bin/../lib/gcc/arm-none-eabi/7.3.1/thumb/v6-m/crti.o
                0x000000000800319c                _init
 .init          0x00000000080031a0        0x8 c:/st/stm32cubeide_1.3.0/stm32cubeide/plugins/com.st.stm32cube.ide.mcu.externaltools.gnu-tools-for-stm32.7-2018-q2-update.win32_1.0.0.201904181610/tools/bin/../lib/gcc/arm-none-eabi/7.3.1/thumb/v6-m/crtn.o
 *(.fini)
 .fini          0x00000000080031a8        0x4 c:/st/stm32cubeide_1.3.0/stm32cubeide/plugins/com.st.stm32cube.ide.mcu.externaltools.gnu-tools-for-stm32.7-2018-q2-update.win32_1.0.0.201904181610/tools/bin/../lib/gcc/arm-none-eabi/7.3.1/thumb/v6-m/crti.o
                0x00000000080031a8                _fini
 .fini          0x00000000080031ac        0x8 c:/st/stm32cubeide_1.3.0/stm32cubeide/plugins/com.st.stm32cube.ide.mcu.externaltools.gnu-tools-for-stm32.7-2018-q2-update.win32_1.0.0.201904181610/tools/bin/../lib/gcc/arm-none-eabi/7.3.1/thumb/v6-m/crtn.o
                0x00000000080031b4                . = ALIGN (0x4)
                0x00000000080031b4                _etext = .

.vfp11_veneer   0x00000000080031b4        0x0
 .vfp11_veneer  0x00000000080031b4        0x0 linker stubs

.v4_bx          0x00000000080031b4        0x0
 .v4_bx         0x00000000080031b4        0x0 linker stubs

.iplt           0x00000000080031b4        0x0
 .iplt          0x00000000080031b4        0x0 c:/st/stm32cubeide_1.3.0/stm32cubeide/plugins/com.st.stm32cube.ide.mcu.externaltools.gnu-tools-for-stm32.7-2018-q2-update.win32_1.0.0.201904181610/tools/bin/../lib/gcc/arm-none-eabi/7.3.1/thumb/v6-m/crtbegin.o

.rodata         0x00000000080031b4       0xb8
                0x00000000080031b4                . = ALIGN (0x4)
 *(.rodata)
 *(.rodata*)
 .rodata.CHANNEL_OFFSET_TAB
                0x00000000080031b4        0x5 Core/Src/oled.o
 *fill*         0x00000000080031b9        0x3 
 .rodata.AHBPrescTable
                0x00000000080031bc       0x40 Core/Src/system_stm32g0xx.o
                0x00000000080031bc                AHBPrescTable
 .rodata.APBPrescTable
                0x00000000080031fc       0x20 Core/Src/system_stm32g0xx.o
                0x00000000080031fc                APBPrescTable
 .rodata.OFFSET_TAB_CCMRx
                0x000000000800321c        0x9 Core/Src/tim.o
 *fill*         0x0000000008003225        0x3 
 .rodata.SHIFT_TAB_OCxx
                0x0000000008003228        0x9 Core/Src/tim.o
 *fill*         0x0000000008003231        0x3 
 .rodata.CHANNEL_OFFSET_TAB
                0x0000000008003234        0x5 Core/Src/uart.o
 *fill*         0x0000000008003239        0x3 
 .rodata.USART_PRESCALER_TAB
                0x000000000800323c       0x30 Drivers/STM32G0xx_HAL_Driver/Src/stm32g0xx_ll_usart.o
                0x000000000800326c                . = ALIGN (0x4)

.rel.dyn        0x000000000800326c        0x0
 .rel.iplt      0x000000000800326c        0x0 c:/st/stm32cubeide_1.3.0/stm32cubeide/plugins/com.st.stm32cube.ide.mcu.externaltools.gnu-tools-for-stm32.7-2018-q2-update.win32_1.0.0.201904181610/tools/bin/../lib/gcc/arm-none-eabi/7.3.1/thumb/v6-m/crtbegin.o

.ARM.extab      0x000000000800326c        0x0
                0x000000000800326c                . = ALIGN (0x4)
 *(.ARM.extab* .gnu.linkonce.armextab.*)
                0x000000000800326c                . = ALIGN (0x4)

.ARM            0x000000000800326c        0x0
                0x000000000800326c                . = ALIGN (0x4)
                0x000000000800326c                __exidx_start = .
 *(.ARM.exidx*)
                0x000000000800326c                __exidx_end = .
                0x000000000800326c                . = ALIGN (0x4)

.preinit_array  0x000000000800326c        0x0
                0x000000000800326c                . = ALIGN (0x4)
                0x000000000800326c                PROVIDE (__preinit_array_start = .)
 *(.preinit_array*)
                0x000000000800326c                PROVIDE (__preinit_array_end = .)
                0x000000000800326c                . = ALIGN (0x4)

.init_array     0x000000000800326c        0x4
                0x000000000800326c                . = ALIGN (0x4)
                0x000000000800326c                PROVIDE (__init_array_start = .)
 *(SORT_BY_NAME(.init_array.*))
 *(.init_array*)
 .init_array    0x000000000800326c        0x4 c:/st/stm32cubeide_1.3.0/stm32cubeide/plugins/com.st.stm32cube.ide.mcu.externaltools.gnu-tools-for-stm32.7-2018-q2-update.win32_1.0.0.201904181610/tools/bin/../lib/gcc/arm-none-eabi/7.3.1/thumb/v6-m/crtbegin.o
                0x0000000008003270                PROVIDE (__init_array_end = .)
                0x0000000008003270                . = ALIGN (0x4)

.fini_array     0x0000000008003270        0x4
                0x0000000008003270                . = ALIGN (0x4)
                [!provide]                        PROVIDE (__fini_array_start = .)
 *(SORT_BY_NAME(.fini_array.*))
 *(.fini_array*)
 .fini_array    0x0000000008003270        0x4 c:/st/stm32cubeide_1.3.0/stm32cubeide/plugins/com.st.stm32cube.ide.mcu.externaltools.gnu-tools-for-stm32.7-2018-q2-update.win32_1.0.0.201904181610/tools/bin/../lib/gcc/arm-none-eabi/7.3.1/thumb/v6-m/crtbegin.o
                [!provide]                        PROVIDE (__fini_array_end = .)
                0x0000000008003274                . = ALIGN (0x4)
                0x0000000008003274                _sidata = LOADADDR (.data)

.data           0x0000000020000000        0xc load address 0x0000000008003274
                0x0000000020000000                . = ALIGN (0x4)
                0x0000000020000000                _sdata = .
 *(.data)
 *(.data*)
 .data.RGB_VALUE
                0x0000000020000000        0x2 Core/Src/rgb.o
                0x0000000020000000                RGB_VALUE
 *fill*         0x0000000020000002        0x2 
 .data.SystemCoreClock
                0x0000000020000004        0x4 Core/Src/system_stm32g0xx.o
                0x0000000020000004                SystemCoreClock
 .data.TIM3FD_i
                0x0000000020000008        0x1 Core/Src/tim.o
                0x0000000020000008                TIM3FD_i
                0x000000002000000c                . = ALIGN (0x4)
 *fill*         0x0000000020000009        0x3 
                0x000000002000000c                _edata = .

.igot.plt       0x000000002000000c        0x0 load address 0x0000000008003280
 .igot.plt      0x000000002000000c        0x0 c:/st/stm32cubeide_1.3.0/stm32cubeide/plugins/com.st.stm32cube.ide.mcu.externaltools.gnu-tools-for-stm32.7-2018-q2-update.win32_1.0.0.201904181610/tools/bin/../lib/gcc/arm-none-eabi/7.3.1/thumb/v6-m/crtbegin.o
                0x000000002000000c                . = ALIGN (0x4)

.bss            0x000000002000000c      0x220 load address 0x0000000008003280
                0x000000002000000c                _sbss = .
                0x000000002000000c                __bss_start__ = _sbss
 *(.bss)
 .bss           0x000000002000000c       0x1c c:/st/stm32cubeide_1.3.0/stm32cubeide/plugins/com.st.stm32cube.ide.mcu.externaltools.gnu-tools-for-stm32.7-2018-q2-update.win32_1.0.0.201904181610/tools/bin/../lib/gcc/arm-none-eabi/7.3.1/thumb/v6-m/crtbegin.o
 *(.bss*)
 .bss.RGB_HUE   0x0000000020000028        0x2 Core/Src/rgb.o
                0x0000000020000028                RGB_HUE
 .bss.SPI2_BSY  0x000000002000002a        0x1 Core/Src/spi.o
                0x000000002000002a                SPI2_BSY
 *(COMMON)
 *fill*         0x000000002000002b        0x1 
 COMMON         0x000000002000002c      0x200 Core/Src/oled.o
                0x000000002000002c                OLED_SHOW_BUFF
                0x000000002000022c                . = ALIGN (0x4)
                0x000000002000022c                _ebss = .
                0x000000002000022c                __bss_end__ = _ebss

._user_heap_stack
                0x000000002000022c      0x604 load address 0x0000000008003280
                0x0000000020000230                . = ALIGN (0x8)
 *fill*         0x000000002000022c        0x4 
                [!provide]                        PROVIDE (end = .)
                [!provide]                        PROVIDE (_end = .)
                0x0000000020000430                . = (. + _Min_Heap_Size)
 *fill*         0x0000000020000230      0x200 
                0x0000000020000830                . = (. + _Min_Stack_Size)
 *fill*         0x0000000020000430      0x400 
                0x0000000020000830                . = ALIGN (0x8)

/DISCARD/
 libc.a(*)
 libm.a(*)
 libgcc.a(*)

.ARM.attributes
                0x0000000000000000       0x28
 *(.ARM.attributes)
 .ARM.attributes
                0x0000000000000000       0x1e c:/st/stm32cubeide_1.3.0/stm32cubeide/plugins/com.st.stm32cube.ide.mcu.externaltools.gnu-tools-for-stm32.7-2018-q2-update.win32_1.0.0.201904181610/tools/bin/../lib/gcc/arm-none-eabi/7.3.1/thumb/v6-m/crti.o
 .ARM.attributes
                0x000000000000001e       0x2c c:/st/stm32cubeide_1.3.0/stm32cubeide/plugins/com.st.stm32cube.ide.mcu.externaltools.gnu-tools-for-stm32.7-2018-q2-update.win32_1.0.0.201904181610/tools/bin/../lib/gcc/arm-none-eabi/7.3.1/thumb/v6-m/crtbegin.o
 .ARM.attributes
                0x000000000000004a       0x32 Core/Src/main.o
 .ARM.attributes
                0x000000000000007c       0x32 Core/Src/oled.o
 .ARM.attributes
                0x00000000000000ae       0x32 Core/Src/rgb.o
 .ARM.attributes
                0x00000000000000e0       0x32 Core/Src/spi.o
 .ARM.attributes
                0x0000000000000112       0x32 Core/Src/stm32g0xx_it.o
 .ARM.attributes
                0x0000000000000144       0x32 Core/Src/system_stm32g0xx.o
 .ARM.attributes
                0x0000000000000176       0x32 Core/Src/tim.o
 .ARM.attributes
                0x00000000000001a8       0x32 Core/Src/uart.o
 .ARM.attributes
                0x00000000000001da       0x21 Core/Startup/startup_stm32g030c8tx.o
 .ARM.attributes
                0x00000000000001fb       0x32 Drivers/STM32G0xx_HAL_Driver/Src/stm32g0xx_ll_gpio.o
 .ARM.attributes
                0x000000000000022d       0x32 Drivers/STM32G0xx_HAL_Driver/Src/stm32g0xx_ll_rcc.o
 .ARM.attributes
                0x000000000000025f       0x32 Drivers/STM32G0xx_HAL_Driver/Src/stm32g0xx_ll_spi.o
 .ARM.attributes
                0x0000000000000291       0x32 Drivers/STM32G0xx_HAL_Driver/Src/stm32g0xx_ll_tim.o
 .ARM.attributes
                0x00000000000002c3       0x32 Drivers/STM32G0xx_HAL_Driver/Src/stm32g0xx_ll_usart.o
 .ARM.attributes
                0x00000000000002f5       0x32 Drivers/STM32G0xx_HAL_Driver/Src/stm32g0xx_ll_utils.o
 .ARM.attributes
                0x0000000000000327       0x2c c:/st/stm32cubeide_1.3.0/stm32cubeide/plugins/com.st.stm32cube.ide.mcu.externaltools.gnu-tools-for-stm32.7-2018-q2-update.win32_1.0.0.201904181610/tools/bin/../lib/gcc/arm-none-eabi/7.3.1/../../../../arm-none-eabi/lib/thumb/v6-m\libc_nano.a(lib_a-init.o)
 .ARM.attributes
                0x0000000000000353       0x2c c:/st/stm32cubeide_1.3.0/stm32cubeide/plugins/com.st.stm32cube.ide.mcu.externaltools.gnu-tools-for-stm32.7-2018-q2-update.win32_1.0.0.201904181610/tools/bin/../lib/gcc/arm-none-eabi/7.3.1/../../../../arm-none-eabi/lib/thumb/v6-m\libc_nano.a(lib_a-memset.o)
 .ARM.attributes
                0x000000000000037f       0x1e c:/st/stm32cubeide_1.3.0/stm32cubeide/plugins/com.st.stm32cube.ide.mcu.externaltools.gnu-tools-for-stm32.7-2018-q2-update.win32_1.0.0.201904181610/tools/bin/../lib/gcc/arm-none-eabi/7.3.1/thumb/v6-m\libgcc.a(_udivsi3.o)
 .ARM.attributes
                0x000000000000039d       0x1e c:/st/stm32cubeide_1.3.0/stm32cubeide/plugins/com.st.stm32cube.ide.mcu.externaltools.gnu-tools-for-stm32.7-2018-q2-update.win32_1.0.0.201904181610/tools/bin/../lib/gcc/arm-none-eabi/7.3.1/thumb/v6-m\libgcc.a(_dvmd_tls.o)
 .ARM.attributes
                0x00000000000003bb       0x1e c:/st/stm32cubeide_1.3.0/stm32cubeide/plugins/com.st.stm32cube.ide.mcu.externaltools.gnu-tools-for-stm32.7-2018-q2-update.win32_1.0.0.201904181610/tools/bin/../lib/gcc/arm-none-eabi/7.3.1/thumb/v6-m/crtn.o
OUTPUT(uart_badapple.elf elf32-littlearm)

.debug_info     0x0000000000000000     0xae04
 .debug_info    0x0000000000000000      0xe5a Core/Src/main.o
 .debug_info    0x0000000000000e5a     0x16de Core/Src/oled.o
 .debug_info    0x0000000000002538      0xc9d Core/Src/rgb.o
 .debug_info    0x00000000000031d5      0xee3 Core/Src/spi.o
 .debug_info    0x00000000000040b8      0xa68 Core/Src/stm32g0xx_it.o
 .debug_info    0x0000000000004b20      0x37c Core/Src/system_stm32g0xx.o
 .debug_info    0x0000000000004e9c     0x142e Core/Src/tim.o
 .debug_info    0x00000000000062ca     0x16bc Core/Src/uart.o
 .debug_info    0x0000000000007986       0x22 Core/Startup/startup_stm32g030c8tx.o
 .debug_info    0x00000000000079a8      0x5fb Drivers/STM32G0xx_HAL_Driver/Src/stm32g0xx_ll_gpio.o
 .debug_info    0x0000000000007fa3      0x728 Drivers/STM32G0xx_HAL_Driver/Src/stm32g0xx_ll_rcc.o
 .debug_info    0x00000000000086cb      0x724 Drivers/STM32G0xx_HAL_Driver/Src/stm32g0xx_ll_spi.o
 .debug_info    0x0000000000008def     0x105a Drivers/STM32G0xx_HAL_Driver/Src/stm32g0xx_ll_tim.o
 .debug_info    0x0000000000009e49      0x78c Drivers/STM32G0xx_HAL_Driver/Src/stm32g0xx_ll_usart.o
 .debug_info    0x000000000000a5d5      0x82f Drivers/STM32G0xx_HAL_Driver/Src/stm32g0xx_ll_utils.o

.debug_abbrev   0x0000000000000000     0x1b6b
 .debug_abbrev  0x0000000000000000      0x218 Core/Src/main.o
 .debug_abbrev  0x0000000000000218      0x2ca Core/Src/oled.o
 .debug_abbrev  0x00000000000004e2      0x215 Core/Src/rgb.o
 .debug_abbrev  0x00000000000006f7      0x1f5 Core/Src/spi.o
 .debug_abbrev  0x00000000000008ec      0x188 Core/Src/stm32g0xx_it.o
 .debug_abbrev  0x0000000000000a74      0x100 Core/Src/system_stm32g0xx.o
 .debug_abbrev  0x0000000000000b74      0x25d Core/Src/tim.o
 .debug_abbrev  0x0000000000000dd1      0x273 Core/Src/uart.o
 .debug_abbrev  0x0000000000001044       0x12 Core/Startup/startup_stm32g030c8tx.o
 .debug_abbrev  0x0000000000001056      0x191 Drivers/STM32G0xx_HAL_Driver/Src/stm32g0xx_ll_gpio.o
 .debug_abbrev  0x00000000000011e7      0x1ea Drivers/STM32G0xx_HAL_Driver/Src/stm32g0xx_ll_rcc.o
 .debug_abbrev  0x00000000000013d1      0x1f2 Drivers/STM32G0xx_HAL_Driver/Src/stm32g0xx_ll_spi.o
 .debug_abbrev  0x00000000000015c3      0x1ee Drivers/STM32G0xx_HAL_Driver/Src/stm32g0xx_ll_tim.o
 .debug_abbrev  0x00000000000017b1      0x1b8 Drivers/STM32G0xx_HAL_Driver/Src/stm32g0xx_ll_usart.o
 .debug_abbrev  0x0000000000001969      0x202 Drivers/STM32G0xx_HAL_Driver/Src/stm32g0xx_ll_utils.o

.debug_aranges  0x0000000000000000      0x928
 .debug_aranges
                0x0000000000000000       0xa0 Core/Src/main.o
 .debug_aranges
                0x00000000000000a0      0x110 Core/Src/oled.o
 .debug_aranges
                0x00000000000001b0       0x38 Core/Src/rgb.o
 .debug_aranges
                0x00000000000001e8       0x50 Core/Src/spi.o
 .debug_aranges
                0x0000000000000238       0x40 Core/Src/stm32g0xx_it.o
 .debug_aranges
                0x0000000000000278       0x28 Core/Src/system_stm32g0xx.o
 .debug_aranges
                0x00000000000002a0       0x98 Core/Src/tim.o
 .debug_aranges
                0x0000000000000338       0xf0 Core/Src/uart.o
 .debug_aranges
                0x0000000000000428       0x28 Core/Startup/startup_stm32g030c8tx.o
 .debug_aranges
                0x0000000000000450       0x70 Drivers/STM32G0xx_HAL_Driver/Src/stm32g0xx_ll_gpio.o
 .debug_aranges
                0x00000000000004c0      0x120 Drivers/STM32G0xx_HAL_Driver/Src/stm32g0xx_ll_rcc.o
 .debug_aranges
                0x00000000000005e0       0x88 Drivers/STM32G0xx_HAL_Driver/Src/stm32g0xx_ll_spi.o
 .debug_aranges
                0x0000000000000668      0x148 Drivers/STM32G0xx_HAL_Driver/Src/stm32g0xx_ll_tim.o
 .debug_aranges
                0x00000000000007b0       0x90 Drivers/STM32G0xx_HAL_Driver/Src/stm32g0xx_ll_usart.o
 .debug_aranges
                0x0000000000000840       0xe8 Drivers/STM32G0xx_HAL_Driver/Src/stm32g0xx_ll_utils.o

.debug_ranges   0x0000000000000000      0x840
 .debug_ranges  0x0000000000000000       0x90 Core/Src/main.o
 .debug_ranges  0x0000000000000090      0x100 Core/Src/oled.o
 .debug_ranges  0x0000000000000190       0x28 Core/Src/rgb.o
 .debug_ranges  0x00000000000001b8       0x40 Core/Src/spi.o
 .debug_ranges  0x00000000000001f8       0x30 Core/Src/stm32g0xx_it.o
 .debug_ranges  0x0000000000000228       0x18 Core/Src/system_stm32g0xx.o
 .debug_ranges  0x0000000000000240       0x88 Core/Src/tim.o
 .debug_ranges  0x00000000000002c8       0xe0 Core/Src/uart.o
 .debug_ranges  0x00000000000003a8       0x20 Core/Startup/startup_stm32g030c8tx.o
 .debug_ranges  0x00000000000003c8       0x60 Drivers/STM32G0xx_HAL_Driver/Src/stm32g0xx_ll_gpio.o
 .debug_ranges  0x0000000000000428      0x110 Drivers/STM32G0xx_HAL_Driver/Src/stm32g0xx_ll_rcc.o
 .debug_ranges  0x0000000000000538       0x78 Drivers/STM32G0xx_HAL_Driver/Src/stm32g0xx_ll_spi.o
 .debug_ranges  0x00000000000005b0      0x138 Drivers/STM32G0xx_HAL_Driver/Src/stm32g0xx_ll_tim.o
 .debug_ranges  0x00000000000006e8       0x80 Drivers/STM32G0xx_HAL_Driver/Src/stm32g0xx_ll_usart.o
 .debug_ranges  0x0000000000000768       0xd8 Drivers/STM32G0xx_HAL_Driver/Src/stm32g0xx_ll_utils.o

.debug_macro    0x0000000000000000     0x2a15
 .debug_macro   0x0000000000000000      0x257 Core/Src/main.o
 .debug_macro   0x0000000000000257      0x25b Core/Src/oled.o
 .debug_macro   0x00000000000004b2      0x261 Core/Src/rgb.o
 .debug_macro   0x0000000000000713       0x16 Core/Src/rgb.o
 .debug_macro   0x0000000000000729      0x25b Core/Src/spi.o
 .debug_macro   0x0000000000000984      0x261 Core/Src/stm32g0xx_it.o
 .debug_macro   0x0000000000000be5       0xc9 Core/Src/system_stm32g0xx.o
 .debug_macro   0x0000000000000cae      0x261 Core/Src/tim.o
 .debug_macro   0x0000000000000f0f      0x25b Core/Src/uart.o
 .debug_macro   0x000000000000116a      0x105 Drivers/STM32G0xx_HAL_Driver/Src/stm32g0xx_ll_gpio.o
 .debug_macro   0x000000000000126f      0x12c Drivers/STM32G0xx_HAL_Driver/Src/stm32g0xx_ll_gpio.o
 .debug_macro   0x000000000000139b       0xf0 Drivers/STM32G0xx_HAL_Driver/Src/stm32g0xx_ll_rcc.o
 .debug_macro   0x000000000000148b      0x172 Drivers/STM32G0xx_HAL_Driver/Src/stm32g0xx_ll_spi.o
 .debug_macro   0x00000000000015fd      0x2e5 Drivers/STM32G0xx_HAL_Driver/Src/stm32g0xx_ll_spi.o
 .debug_macro   0x00000000000018e2      0x17a Drivers/STM32G0xx_HAL_Driver/Src/stm32g0xx_ll_tim.o
 .debug_macro   0x0000000000001a5c      0x8ad Drivers/STM32G0xx_HAL_Driver/Src/stm32g0xx_ll_tim.o
 .debug_macro   0x0000000000002309      0x13e Drivers/STM32G0xx_HAL_Driver/Src/stm32g0xx_ll_usart.o
 .debug_macro   0x0000000000002447      0x409 Drivers/STM32G0xx_HAL_Driver/Src/stm32g0xx_ll_usart.o
 .debug_macro   0x0000000000002850      0x171 Drivers/STM32G0xx_HAL_Driver/Src/stm32g0xx_ll_utils.o
 .debug_macro   0x00000000000029c1       0x54 Drivers/STM32G0xx_HAL_Driver/Src/stm32g0xx_ll_utils.o

.debug_line     0x0000000000000000     0x6df8
 .debug_line    0x0000000000000000      0x8df Core/Src/main.o
 .debug_line    0x00000000000008df      0xa44 Core/Src/oled.o
 .debug_line    0x0000000000001323      0x7a4 Core/Src/rgb.o
 .debug_line    0x0000000000001ac7      0x7fa Core/Src/spi.o
 .debug_line    0x00000000000022c1      0x7bd Core/Src/stm32g0xx_it.o
 .debug_line    0x0000000000002a7e      0x48b Core/Src/system_stm32g0xx.o
 .debug_line    0x0000000000002f09      0x99f Core/Src/tim.o
 .debug_line    0x00000000000038a8      0x9bb Core/Src/uart.o
 .debug_line    0x0000000000004263       0x89 Core/Startup/startup_stm32g030c8tx.o
 .debug_line    0x00000000000042ec      0x5cd Drivers/STM32G0xx_HAL_Driver/Src/stm32g0xx_ll_gpio.o
 .debug_line    0x00000000000048b9      0x7f1 Drivers/STM32G0xx_HAL_Driver/Src/stm32g0xx_ll_rcc.o
 .debug_line    0x00000000000050aa      0x64c Drivers/STM32G0xx_HAL_Driver/Src/stm32g0xx_ll_spi.o
 .debug_line    0x00000000000056f6      0x93c Drivers/STM32G0xx_HAL_Driver/Src/stm32g0xx_ll_tim.o
 .debug_line    0x0000000000006032      0x646 Drivers/STM32G0xx_HAL_Driver/Src/stm32g0xx_ll_usart.o
 .debug_line    0x0000000000006678      0x780 Drivers/STM32G0xx_HAL_Driver/Src/stm32g0xx_ll_utils.o

.debug_str      0x0000000000000000    0x5850a
 .debug_str     0x0000000000000000    0x52bd1 Core/Src/main.o
                                      0x52e5a (size before relaxing)
 .debug_str     0x0000000000052bd1      0x5be Core/Src/oled.o
                                      0x532bf (size before relaxing)
 .debug_str     0x000000000005318f       0xcf Core/Src/rgb.o
                                      0x52c70 (size before relaxing)
 .debug_str     0x000000000005325e       0xd3 Core/Src/spi.o
                                      0x52e3d (size before relaxing)
 .debug_str     0x0000000000053331       0x76 Core/Src/stm32g0xx_it.o
                                      0x52c11 (size before relaxing)
 .debug_str     0x00000000000533a7       0x77 Core/Src/system_stm32g0xx.o
                                      0x3fa46 (size before relaxing)
 .debug_str     0x000000000005341e      0x207 Core/Src/tim.o
                                      0x531dd (size before relaxing)
 .debug_str     0x0000000000053625      0x153 Core/Src/uart.o
                                      0x53303 (size before relaxing)
 .debug_str     0x0000000000053778       0x36 Core/Startup/startup_stm32g030c8tx.o
                                         0x7c (size before relaxing)
 .debug_str     0x00000000000537ae      0x57e Drivers/STM32G0xx_HAL_Driver/Src/stm32g0xx_ll_gpio.o
                                      0x40c06 (size before relaxing)
 .debug_str     0x0000000000053d2c      0x4cc Drivers/STM32G0xx_HAL_Driver/Src/stm32g0xx_ll_rcc.o
                                      0x42328 (size before relaxing)
 .debug_str     0x00000000000541f8      0xfee Drivers/STM32G0xx_HAL_Driver/Src/stm32g0xx_ll_spi.o
                                      0x445f5 (size before relaxing)
 .debug_str     0x00000000000551e6     0x1c33 Drivers/STM32G0xx_HAL_Driver/Src/stm32g0xx_ll_tim.o
                                      0x46142 (size before relaxing)
 .debug_str     0x0000000000056e19      0xa7f Drivers/STM32G0xx_HAL_Driver/Src/stm32g0xx_ll_usart.o
                                      0x448bf (size before relaxing)
 .debug_str     0x0000000000057898      0xc72 Drivers/STM32G0xx_HAL_Driver/Src/stm32g0xx_ll_utils.o
                                      0x43d5b (size before relaxing)

.comment        0x0000000000000000       0x7b
 .comment       0x0000000000000000       0x7b Core/Src/main.o
                                         0x7c (size before relaxing)
 .comment       0x000000000000007b       0x7c Core/Src/oled.o
 .comment       0x000000000000007b       0x7c Core/Src/rgb.o
 .comment       0x000000000000007b       0x7c Core/Src/spi.o
 .comment       0x000000000000007b       0x7c Core/Src/stm32g0xx_it.o
 .comment       0x000000000000007b       0x7c Core/Src/system_stm32g0xx.o
 .comment       0x000000000000007b       0x7c Core/Src/tim.o
 .comment       0x000000000000007b       0x7c Core/Src/uart.o
 .comment       0x000000000000007b       0x7c Drivers/STM32G0xx_HAL_Driver/Src/stm32g0xx_ll_gpio.o
 .comment       0x000000000000007b       0x7c Drivers/STM32G0xx_HAL_Driver/Src/stm32g0xx_ll_rcc.o
 .comment       0x000000000000007b       0x7c Drivers/STM32G0xx_HAL_Driver/Src/stm32g0xx_ll_spi.o
 .comment       0x000000000000007b       0x7c Drivers/STM32G0xx_HAL_Driver/Src/stm32g0xx_ll_tim.o
 .comment       0x000000000000007b       0x7c Drivers/STM32G0xx_HAL_Driver/Src/stm32g0xx_ll_usart.o
 .comment       0x000000000000007b       0x7c Drivers/STM32G0xx_HAL_Driver/Src/stm32g0xx_ll_utils.o

.debug_frame    0x0000000000000000     0x1f4c
 .debug_frame   0x0000000000000000      0x20c Core/Src/main.o
 .debug_frame   0x000000000000020c      0x3dc Core/Src/oled.o
 .debug_frame   0x00000000000005e8       0x90 Core/Src/rgb.o
 .debug_frame   0x0000000000000678       0xf0 Core/Src/spi.o
 .debug_frame   0x0000000000000768       0x9c Core/Src/stm32g0xx_it.o
 .debug_frame   0x0000000000000804       0x4c Core/Src/system_stm32g0xx.o
 .debug_frame   0x0000000000000850      0x218 Core/Src/tim.o
 .debug_frame   0x0000000000000a68      0x364 Core/Src/uart.o
 .debug_frame   0x0000000000000dcc      0x170 Drivers/STM32G0xx_HAL_Driver/Src/stm32g0xx_ll_gpio.o
 .debug_frame   0x0000000000000f3c      0x3f0 Drivers/STM32G0xx_HAL_Driver/Src/stm32g0xx_ll_rcc.o
 .debug_frame   0x000000000000132c      0x1d0 Drivers/STM32G0xx_HAL_Driver/Src/stm32g0xx_ll_spi.o
 .debug_frame   0x00000000000014fc      0x4d0 Drivers/STM32G0xx_HAL_Driver/Src/stm32g0xx_ll_tim.o
 .debug_frame   0x00000000000019cc      0x1f0 Drivers/STM32G0xx_HAL_Driver/Src/stm32g0xx_ll_usart.o
 .debug_frame   0x0000000000001bbc      0x324 Drivers/STM32G0xx_HAL_Driver/Src/stm32g0xx_ll_utils.o
 .debug_frame   0x0000000000001ee0       0x2c c:/st/stm32cubeide_1.3.0/stm32cubeide/plugins/com.st.stm32cube.ide.mcu.externaltools.gnu-tools-for-stm32.7-2018-q2-update.win32_1.0.0.201904181610/tools/bin/../lib/gcc/arm-none-eabi/7.3.1/../../../../arm-none-eabi/lib/thumb/v6-m\libc_nano.a(lib_a-init.o)
 .debug_frame   0x0000000000001f0c       0x20 c:/st/stm32cubeide_1.3.0/stm32cubeide/plugins/com.st.stm32cube.ide.mcu.externaltools.gnu-tools-for-stm32.7-2018-q2-update.win32_1.0.0.201904181610/tools/bin/../lib/gcc/arm-none-eabi/7.3.1/../../../../arm-none-eabi/lib/thumb/v6-m\libc_nano.a(lib_a-memset.o)
 .debug_frame   0x0000000000001f2c       0x20 c:/st/stm32cubeide_1.3.0/stm32cubeide/plugins/com.st.stm32cube.ide.mcu.externaltools.gnu-tools-for-stm32.7-2018-q2-update.win32_1.0.0.201904181610/tools/bin/../lib/gcc/arm-none-eabi/7.3.1/thumb/v6-m\libgcc.a(_udivsi3.o)
