C51 COMPILER V9.00   DELAY                                                                 08/12/2015 08:22:18 PAGE 1   


C51 COMPILER V9.00, COMPILATION OF MODULE DELAY
OBJECT MODULE PLACED IN DELAY.OBJ
COMPILER INVOKED BY: C:\Keil\C51\BIN\C51.EXE DELAY.C LARGE OPTIMIZE(6,SPEED) BROWSE DEBUG OBJECTEXTEND

line level    source

   1          #include"DELAY.H"
   2          #include "intrins.h"
   3          void delay_5us(unsigned char us)
   4          {
   5   1        unsigned char i=0;
   6   1        for(;us;us--)
   7   1        for(i=0;i<14;i++);
   8   1      }
   9          
  10          
  11          void Delay2(unsigned long cnt)
  12          {
  13   1         for(;cnt;cnt--)
  14   1         delay_5us(200);
  15   1      }


MODULE INFORMATION:   STATIC OVERLAYABLE
   CODE SIZE        =     88    ----
   CONSTANT SIZE    =   ----    ----
   XDATA SIZE       =   ----       4
   PDATA SIZE       =   ----    ----
   DATA SIZE        =   ----    ----
   IDATA SIZE       =   ----    ----
   BIT SIZE         =   ----    ----
END OF MODULE INFORMATION.


C51 COMPILATION COMPLETE.  0 WARNING(S),  0 ERROR(S)
