stm32g0xx_ll_rcc.h:1062:22:LL_RCC_HSI_Enable	8	static
stm32g0xx_ll_rcc.h:1082:26:LL_RCC_HSI_IsReady	8	static
stm32g0xx_ll_rcc.h:1353:22:LL_RCC_SetSysClkSource	16	static
stm32g0xx_ll_rcc.h:1368:26:LL_RCC_GetSysClkSource	8	static
stm32g0xx_ll_rcc.h:1388:22:LL_RCC_SetAHBPrescaler	16	static
stm32g0xx_ll_rcc.h:1404:22:LL_RCC_SetAPB1Prescaler	16	static
stm32g0xx_ll_rcc.h:1537:22:LL_RCC_SetUSARTClockSource	16	static
stm32g0xx_ll_rcc.h:1973:22:LL_RCC_PLL_Enable	8	static
stm32g0xx_ll_rcc.h:1994:26:LL_RCC_PLL_IsReady	8	static
stm32g0xx_ll_rcc.h:2031:22:LL_RCC_PLL_ConfigDomain_SYS	24	static
stm32g0xx_ll_rcc.h:2576:22:LL_RCC_PLL_EnableDomain_SYS	8	static
stm32g0xx_ll_i2c.h:604:22:LL_I2C_EnableClockStretching	16	static
stm32g0xx_ll_i2c.h:724:22:LL_I2C_DisableGeneralCall	16	static
stm32g0xx_ll_i2c.h:835:22:LL_I2C_SetOwnAddress2	24	static
stm32g0xx_ll_i2c.h:857:22:LL_I2C_DisableOwnAddress2	16	static
stm32g0xx_ll_i2c.h:1838:22:LL_I2C_EnableAutoEndMode	16	static
stm32g0xx_ll_bus.h:423:22:LL_APB1_GRP1_EnableClock	24	static
stm32g0xx_ll_bus.h:788:22:LL_APB2_GRP1_EnableClock	24	static
stm32g0xx_ll_bus.h:1000:22:LL_IOP_GRP1_EnableClock	24	static
stm32g0xx_ll_system.h:1730:22:LL_FLASH_SetLatency	16	static
stm32g0xx_ll_system.h:1743:26:LL_FLASH_GetLatency	8	static
stm32g0xx_ll_spi.h:427:22:LL_SPI_SetStandard	16	static
stm32g0xx_ll_spi.h:863:22:LL_SPI_EnableNSSPulseMgt	16	static
main.c:72:5:main	8	static
main.c:119:6:SystemClock_Config	8	static
main.c:168:13:MX_I2C2_Init	72	static
main.c:232:13:MX_SPI1_Init	80	static
main.c:295:13:MX_USART1_UART_Init	8	static
main.c:341:13:MX_DMA_Init	16	static
main.c:359:13:MX_GPIO_Init	32	static
main.c:395:6:Error_Handler	8	static
