21:15:43 **** Incremental Build of configuration Debug for project uart_badapple ****
make -j4 all 
arm-none-eabi-gcc "../Core/Src/iic.c" -mcpu=cortex-m0plus -std=gnu11 -g3 '-DHSE_VALUE=8000000' '-DLSI_VALUE=32000' '-DHSE_STARTUP_TIMEOUT=100' '-DHSI_VALUE=16000000' -DDEBUG '-DLSE_STARTUP_TIMEOUT=5000' '-DLSE_VALUE=32768' '-DDATA_CACHE_ENABLE=1' '-DEXTERNAL_CLOCK_VALUE=12288000' '-DVDD_VALUE=3300' '-DINSTRUCTION_CACHE_ENABLE=1' -DUSE_FULL_LL_DRIVER -DSTM32G030xx '-DPREFETCH_ENABLE=0' -c -I../Drivers/CMSIS/Include -I../Core/Inc -I../Drivers/CMSIS/Device/ST/STM32G0xx/Include -I../Drivers/STM32G0xx_HAL_Driver/Inc -O0 -ffunction-sections -fdata-sections -Wall -fstack-usage -MMD -MP -MF"Core/Src/iic.d" -MT"Core/Src/iic.o" --specs=nano.specs -mfloat-abi=soft -mthumb -o "Core/Src/iic.o"
arm-none-eabi-gcc "../Core/Src/main.c" -mcpu=cortex-m0plus -std=gnu11 -g3 '-DHSE_VALUE=8000000' '-DLSI_VALUE=32000' '-DHSE_STARTUP_TIMEOUT=100' '-DHSI_VALUE=16000000' -DDEBUG '-DLSE_STARTUP_TIMEOUT=5000' '-DLSE_VALUE=32768' '-DDATA_CACHE_ENABLE=1' '-DEXTERNAL_CLOCK_VALUE=12288000' '-DVDD_VALUE=3300' '-DINSTRUCTION_CACHE_ENABLE=1' -DUSE_FULL_LL_DRIVER -DSTM32G030xx '-DPREFETCH_ENABLE=0' -c -I../Drivers/CMSIS/Include -I../Core/Inc -I../Drivers/CMSIS/Device/ST/STM32G0xx/Include -I../Drivers/STM32G0xx_HAL_Driver/Inc -O0 -ffunction-sections -fdata-sections -Wall -fstack-usage -MMD -MP -MF"Core/Src/main.d" -MT"Core/Src/main.o" --specs=nano.specs -mfloat-abi=soft -mthumb -o "Core/Src/main.o"
arm-none-eabi-gcc "../Core/Src/mpu6050.c" -mcpu=cortex-m0plus -std=gnu11 -g3 '-DHSE_VALUE=8000000' '-DLSI_VALUE=32000' '-DHSE_STARTUP_TIMEOUT=100' '-DHSI_VALUE=16000000' -DDEBUG '-DLSE_STARTUP_TIMEOUT=5000' '-DLSE_VALUE=32768' '-DDATA_CACHE_ENABLE=1' '-DEXTERNAL_CLOCK_VALUE=12288000' '-DVDD_VALUE=3300' '-DINSTRUCTION_CACHE_ENABLE=1' -DUSE_FULL_LL_DRIVER -DSTM32G030xx '-DPREFETCH_ENABLE=0' -c -I../Drivers/CMSIS/Include -I../Core/Inc -I../Drivers/CMSIS/Device/ST/STM32G0xx/Include -I../Drivers/STM32G0xx_HAL_Driver/Inc -O0 -ffunction-sections -fdata-sections -Wall -fstack-usage -MMD -MP -MF"Core/Src/mpu6050.d" -MT"Core/Src/mpu6050.o" --specs=nano.specs -mfloat-abi=soft -mthumb -o "Core/Src/mpu6050.o"
arm-none-eabi-gcc "../Core/Src/oled.c" -mcpu=cortex-m0plus -std=gnu11 -g3 '-DHSE_VALUE=8000000' '-DLSI_VALUE=32000' '-DHSE_STARTUP_TIMEOUT=100' '-DHSI_VALUE=16000000' -DDEBUG '-DLSE_STARTUP_TIMEOUT=5000' '-DLSE_VALUE=32768' '-DDATA_CACHE_ENABLE=1' '-DEXTERNAL_CLOCK_VALUE=12288000' '-DVDD_VALUE=3300' '-DINSTRUCTION_CACHE_ENABLE=1' -DUSE_FULL_LL_DRIVER -DSTM32G030xx '-DPREFETCH_ENABLE=0' -c -I../Drivers/CMSIS/Include -I../Core/Inc -I../Drivers/CMSIS/Device/ST/STM32G0xx/Include -I../Drivers/STM32G0xx_HAL_Driver/Inc -O0 -ffunction-sections -fdata-sections -Wall -fstack-usage -MMD -MP -MF"Core/Src/oled.d" -MT"Core/Src/oled.o" --specs=nano.specs -mfloat-abi=soft -mthumb -o "Core/Src/oled.o"
../Core/Src/mpu6050.c: In function 'MPU6050_ReadData':
../Core/Src/mpu6050.c:30:15: warning: initialization from incompatible pointer type [-Wincompatible-pointer-types]
  uint8_t* p = &MPU6050_DATA_LIST[0]; //指正指向数据数组�?�?
               ^
arm-none-eabi-gcc "../Core/Src/rgb.c" -mcpu=cortex-m0plus -std=gnu11 -g3 '-DHSE_VALUE=8000000' '-DLSI_VALUE=32000' '-DHSE_STARTUP_TIMEOUT=100' '-DHSI_VALUE=16000000' -DDEBUG '-DLSE_STARTUP_TIMEOUT=5000' '-DLSE_VALUE=32768' '-DDATA_CACHE_ENABLE=1' '-DEXTERNAL_CLOCK_VALUE=12288000' '-DVDD_VALUE=3300' '-DINSTRUCTION_CACHE_ENABLE=1' -DUSE_FULL_LL_DRIVER -DSTM32G030xx '-DPREFETCH_ENABLE=0' -c -I../Drivers/CMSIS/Include -I../Core/Inc -I../Drivers/CMSIS/Device/ST/STM32G0xx/Include -I../Drivers/STM32G0xx_HAL_Driver/Inc -O0 -ffunction-sections -fdata-sections -Wall -fstack-usage -MMD -MP -MF"Core/Src/rgb.d" -MT"Core/Src/rgb.o" --specs=nano.specs -mfloat-abi=soft -mthumb -o "Core/Src/rgb.o"
arm-none-eabi-gcc "../Core/Src/spi.c" -mcpu=cortex-m0plus -std=gnu11 -g3 '-DHSE_VALUE=8000000' '-DLSI_VALUE=32000' '-DHSE_STARTUP_TIMEOUT=100' '-DHSI_VALUE=16000000' -DDEBUG '-DLSE_STARTUP_TIMEOUT=5000' '-DLSE_VALUE=32768' '-DDATA_CACHE_ENABLE=1' '-DEXTERNAL_CLOCK_VALUE=12288000' '-DVDD_VALUE=3300' '-DINSTRUCTION_CACHE_ENABLE=1' -DUSE_FULL_LL_DRIVER -DSTM32G030xx '-DPREFETCH_ENABLE=0' -c -I../Drivers/CMSIS/Include -I../Core/Inc -I../Drivers/CMSIS/Device/ST/STM32G0xx/Include -I../Drivers/STM32G0xx_HAL_Driver/Inc -O0 -ffunction-sections -fdata-sections -Wall -fstack-usage -MMD -MP -MF"Core/Src/spi.d" -MT"Core/Src/spi.o" --specs=nano.specs -mfloat-abi=soft -mthumb -o "Core/Src/spi.o"
arm-none-eabi-gcc "../Core/Src/stm32g0xx_it.c" -mcpu=cortex-m0plus -std=gnu11 -g3 '-DHSE_VALUE=8000000' '-DLSI_VALUE=32000' '-DHSE_STARTUP_TIMEOUT=100' '-DHSI_VALUE=16000000' -DDEBUG '-DLSE_STARTUP_TIMEOUT=5000' '-DLSE_VALUE=32768' '-DDATA_CACHE_ENABLE=1' '-DEXTERNAL_CLOCK_VALUE=12288000' '-DVDD_VALUE=3300' '-DINSTRUCTION_CACHE_ENABLE=1' -DUSE_FULL_LL_DRIVER -DSTM32G030xx '-DPREFETCH_ENABLE=0' -c -I../Drivers/CMSIS/Include -I../Core/Inc -I../Drivers/CMSIS/Device/ST/STM32G0xx/Include -I../Drivers/STM32G0xx_HAL_Driver/Inc -O0 -ffunction-sections -fdata-sections -Wall -fstack-usage -MMD -MP -MF"Core/Src/stm32g0xx_it.d" -MT"Core/Src/stm32g0xx_it.o" --specs=nano.specs -mfloat-abi=soft -mthumb -o "Core/Src/stm32g0xx_it.o"
arm-none-eabi-gcc "../Core/Src/tim.c" -mcpu=cortex-m0plus -std=gnu11 -g3 '-DHSE_VALUE=8000000' '-DLSI_VALUE=32000' '-DHSE_STARTUP_TIMEOUT=100' '-DHSI_VALUE=16000000' -DDEBUG '-DLSE_STARTUP_TIMEOUT=5000' '-DLSE_VALUE=32768' '-DDATA_CACHE_ENABLE=1' '-DEXTERNAL_CLOCK_VALUE=12288000' '-DVDD_VALUE=3300' '-DINSTRUCTION_CACHE_ENABLE=1' -DUSE_FULL_LL_DRIVER -DSTM32G030xx '-DPREFETCH_ENABLE=0' -c -I../Drivers/CMSIS/Include -I../Core/Inc -I../Drivers/CMSIS/Device/ST/STM32G0xx/Include -I../Drivers/STM32G0xx_HAL_Driver/Inc -O0 -ffunction-sections -fdata-sections -Wall -fstack-usage -MMD -MP -MF"Core/Src/tim.d" -MT"Core/Src/tim.o" --specs=nano.specs -mfloat-abi=soft -mthumb -o "Core/Src/tim.o"
arm-none-eabi-gcc "../Core/Src/uart.c" -mcpu=cortex-m0plus -std=gnu11 -g3 '-DHSE_VALUE=8000000' '-DLSI_VALUE=32000' '-DHSE_STARTUP_TIMEOUT=100' '-DHSI_VALUE=16000000' -DDEBUG '-DLSE_STARTUP_TIMEOUT=5000' '-DLSE_VALUE=32768' '-DDATA_CACHE_ENABLE=1' '-DEXTERNAL_CLOCK_VALUE=12288000' '-DVDD_VALUE=3300' '-DINSTRUCTION_CACHE_ENABLE=1' -DUSE_FULL_LL_DRIVER -DSTM32G030xx '-DPREFETCH_ENABLE=0' -c -I../Drivers/CMSIS/Include -I../Core/Inc -I../Drivers/CMSIS/Device/ST/STM32G0xx/Include -I../Drivers/STM32G0xx_HAL_Driver/Inc -O0 -ffunction-sections -fdata-sections -Wall -fstack-usage -MMD -MP -MF"Core/Src/uart.d" -MT"Core/Src/uart.o" --specs=nano.specs -mfloat-abi=soft -mthumb -o "Core/Src/uart.o"
arm-none-eabi-gcc "../Core/Src/ws2812.c" -mcpu=cortex-m0plus -std=gnu11 -g3 '-DHSE_VALUE=8000000' '-DLSI_VALUE=32000' '-DHSE_STARTUP_TIMEOUT=100' '-DHSI_VALUE=16000000' -DDEBUG '-DLSE_STARTUP_TIMEOUT=5000' '-DLSE_VALUE=32768' '-DDATA_CACHE_ENABLE=1' '-DEXTERNAL_CLOCK_VALUE=12288000' '-DVDD_VALUE=3300' '-DINSTRUCTION_CACHE_ENABLE=1' -DUSE_FULL_LL_DRIVER -DSTM32G030xx '-DPREFETCH_ENABLE=0' -c -I../Drivers/CMSIS/Include -I../Core/Inc -I../Drivers/CMSIS/Device/ST/STM32G0xx/Include -I../Drivers/STM32G0xx_HAL_Driver/Inc -O0 -ffunction-sections -fdata-sections -Wall -fstack-usage -MMD -MP -MF"Core/Src/ws2812.d" -MT"Core/Src/ws2812.o" --specs=nano.specs -mfloat-abi=soft -mthumb -o "Core/Src/ws2812.o"
../Core/Src/ws2812.c: In function 'WS2812_SHOWALL':
../Core/Src/ws2812.c:61:15: warning: initialization from incompatible pointer type [-Wincompatible-pointer-types]
  uint8_t* p = &WS2812_SPIBUFF[0];//指向数组�?�?
               ^
arm-none-eabi-gcc -o "uart_badapple.elf" @"objects.list"   -mcpu=cortex-m0plus -T"C:\Users\zhong\Desktop\NETUBE\Dwarf_IOT_1\CUBEIDE\uart_badapple\STM32G030C8TX_FLASH.ld" --specs=nosys.specs -Wl,-Map="uart_badapple.map" -Wl,--gc-sections -static --specs=nano.specs -mfloat-abi=soft -mthumb -Wl,--start-group -lc -lm -Wl,--end-group
Finished building target: uart_badapple.elf
 
arm-none-eabi-objdump -h -S  uart_badapple.elf  > "uart_badapple.list"
arm-none-eabi-objcopy  -O binary  uart_badapple.elf  "uart_badapple.bin"
arm-none-eabi-size   uart_badapple.elf 
   text	   data	    bss	    dec	    hex	filename
  12908	     20	   2084	  15012	   3aa4	uart_badapple.elf
Finished building: default.size.stdout
 
Finished building: uart_badapple.bin
 
Finished building: uart_badapple.list
 

21:15:49 Build Finished. 0 errors, 2 warnings. (took 5s.775ms)

