stm32g0xx_ll_rcc.h:1062:22:LL_RCC_HSI_Enable	8	static
stm32g0xx_ll_rcc.h:1082:26:LL_RCC_HSI_IsReady	8	static
stm32g0xx_ll_rcc.h:1353:22:LL_RCC_SetSysClkSource	16	static
stm32g0xx_ll_rcc.h:1368:26:LL_RCC_GetSysClkSource	8	static
stm32g0xx_ll_rcc.h:1388:22:LL_RCC_SetAHBPrescaler	16	static
stm32g0xx_ll_rcc.h:1404:22:LL_RCC_SetAPB1Prescaler	16	static
stm32g0xx_ll_rcc.h:1537:22:LL_RCC_SetUSARTClockSource	16	static
stm32g0xx_ll_rcc.h:1973:22:LL_RCC_PLL_Enable	8	static
stm32g0xx_ll_rcc.h:1994:26:LL_RCC_PLL_IsReady	8	static
stm32g0xx_ll_rcc.h:2031:22:LL_RCC_PLL_ConfigDomain_SYS	24	static
stm32g0xx_ll_rcc.h:2576:22:LL_RCC_PLL_EnableDomain_SYS	8	static
stm32g0xx_ll_bus.h:423:22:LL_APB1_GRP1_EnableClock	24	static
stm32g0xx_ll_bus.h:788:22:LL_APB2_GRP1_EnableClock	24	static
stm32g0xx_ll_system.h:1730:22:LL_FLASH_SetLatency	16	static
main.c:3:5:main	8	static
main.c:14:6:System_Init	8	static
main.c:30:6:SystemClock_Config	8	static
