core_cm0plus.h:741:22:__NVIC_EnableIRQ	16	static
core_cm0plus.h:848:22:__NVIC_SetPriority	24	static
stm32g0xx_ll_bus.h:423:22:LL_APB1_GRP1_EnableClock	24	static
stm32g0xx_ll_bus.h:1000:22:LL_IOP_GRP1_EnableClock	24	static
stm32g0xx_ll_tim.h:1436:22:LL_TIM_EnableCounter	16	static
stm32g0xx_ll_tim.h:1607:22:LL_TIM_EnableARRPreload	16	static
stm32g0xx_ll_tim.h:2311:22:LL_TIM_OC_DisableFast	24	static
stm32g0xx_ll_tim.h:2363:22:LL_TIM_OC_EnablePreload	24	static
stm32g0xx_ll_tim.h:3180:22:LL_TIM_SetClockSource	16	static
stm32g0xx_ll_tim.h:3226:22:LL_TIM_SetTriggerOutput	16	static
stm32g0xx_ll_tim.h:3323:22:LL_TIM_DisableMasterSlaveMode	16	static
stm32g0xx_ll_tim.h:3702:22:LL_TIM_EnableAllOutputs	16	static
stm32g0xx_ll_tim.h:4037:22:LL_TIM_ClearFlag_UPDATE	16	static
stm32g0xx_ll_tim.h:4396:22:LL_TIM_EnableIT_UPDATE	16	static
tim.c:6:6:TIM3_Init	96	static
tim.c:73:6:TIM3_IRQHandler	8	static
