stm32g0xx_ll_rtc.h:722:22:LL_RTC_SetHourFormat	16	static
stm32g0xx_ll_rtc.h:735:26:LL_RTC_GetHourFormat	16	static
stm32g0xx_ll_rtc.h:808:22:LL_RTC_EnableInitMode	16	static
stm32g0xx_ll_rtc.h:820:22:LL_RTC_DisableInitMode	16	static
stm32g0xx_ll_rtc.h:883:26:LL_RTC_IsShadowRegBypassEnabled	16	static
stm32g0xx_ll_rtc.h:921:22:LL_RTC_SetAsynchPrescaler	16	static
stm32g0xx_ll_rtc.h:933:22:LL_RTC_SetSynchPrescaler	16	static
stm32g0xx_ll_rtc.h:966:22:LL_RTC_EnableWriteProtection	16	static
stm32g0xx_ll_rtc.h:977:22:LL_RTC_DisableWriteProtection	16	static
stm32g0xx_ll_rtc.h:1254:22:LL_RTC_TIME_Config	32	static
stm32g0xx_ll_rtc.h:1584:22:LL_RTC_DATE_Config	32	static
stm32g0xx_ll_rtc.h:1671:22:LL_RTC_ALMA_SetMask	16	static
stm32g0xx_ll_rtc.h:1702:22:LL_RTC_ALMA_EnableWeekday	16	static
stm32g0xx_ll_rtc.h:1713:22:LL_RTC_ALMA_DisableWeekday	16	static
stm32g0xx_ll_rtc.h:1727:22:LL_RTC_ALMA_SetDay	16	static
stm32g0xx_ll_rtc.h:1760:22:LL_RTC_ALMA_SetWeekDay	16	static
stm32g0xx_ll_rtc.h:1912:22:LL_RTC_ALMA_ConfigTime	32	static
stm32g0xx_ll_rtc.h:2037:22:LL_RTC_ALMB_SetMask	16	static
stm32g0xx_ll_rtc.h:2068:22:LL_RTC_ALMB_EnableWeekday	16	static
stm32g0xx_ll_rtc.h:2079:22:LL_RTC_ALMB_DisableWeekday	16	static
stm32g0xx_ll_rtc.h:2093:22:LL_RTC_ALMB_SetDay	16	static
stm32g0xx_ll_rtc.h:2126:22:LL_RTC_ALMB_SetWeekDay	16	static
stm32g0xx_ll_rtc.h:2278:22:LL_RTC_ALMB_ConfigTime	32	static
stm32g0xx_ll_rtc.h:3367:26:LL_RTC_IsActiveFlag_INIT	16	static
stm32g0xx_ll_rtc.h:3378:26:LL_RTC_IsActiveFlag_RS	16	static
stm32g0xx_ll_rtc.h:3389:22:LL_RTC_ClearFlag_RS	16	static
stm32g0xx_ll_cortex.h:216:26:LL_SYSTICK_IsActiveCounterFlag	8	static
stm32g0xx_ll_rtc.c:149:13:LL_RTC_DeInit	32	static
stm32g0xx_ll_rtc.c:207:13:LL_RTC_Init	24	static
stm32g0xx_ll_rtc.c:246:6:LL_RTC_StructInit	16	static
stm32g0xx_ll_rtc.c:266:13:LL_RTC_TIME_Init	56	static
stm32g0xx_ll_rtc.c:348:6:LL_RTC_TIME_StructInit	16	static
stm32g0xx_ll_rtc.c:369:13:LL_RTC_DATE_Init	56	static
stm32g0xx_ll_rtc.c:436:6:LL_RTC_DATE_StructInit	16	static
stm32g0xx_ll_rtc.c:459:13:LL_RTC_ALMA_Init	48	static
stm32g0xx_ll_rtc.c:577:13:LL_RTC_ALMB_Init	48	static
stm32g0xx_ll_rtc.c:687:6:LL_RTC_ALMA_StructInit	16	static
stm32g0xx_ll_rtc.c:709:6:LL_RTC_ALMB_StructInit	16	static
stm32g0xx_ll_rtc.c:734:13:LL_RTC_EnterInitMode	32	static
stm32g0xx_ll_rtc.c:778:13:LL_RTC_ExitInitMode	16	static
stm32g0xx_ll_rtc.c:805:13:LL_RTC_WaitForSynchro	32	static
